Archive member included to satisfy reference by file (symbol)

d:/program files/microchip/xc32/v4.21/bin/bin/../../lib/gcc/pic32mx/8.3.1/../../../../pic32mx/lib\libpic32.a(memset.o)
                              build/PIC32MX230F064B/production/usb/usb_host.o (memset)
d:/program files/microchip/xc32/v4.21/bin/bin/../../lib/gcc/pic32mx/8.3.1/../../../../pic32mx/lib\libpic32.a(default-bootstrap-exception-handler.o)
                              D:\Users\shinichi.sasajima\Temp\ccIy4Z3W.o (_bootstrap_exception_handler)
d:/program files/microchip/xc32/v4.21/bin/bin/../../lib/gcc/pic32mx/8.3.1/../../../../pic32mx/lib\libpic32.a(default-on-reset.o)
                              D:\Users\shinichi.sasajima\Temp\ccIy4Z3W.o (_on_reset)
d:/program files/microchip/xc32/v4.21/bin/bin/../../lib/gcc/pic32mx/8.3.1/../../../../pic32mx/lib\libpic32.a(default-on-bootstrap.o)
                              D:\Users\shinichi.sasajima\Temp\ccIy4Z3W.o (_on_bootstrap)
d:/program files/microchip/xc32/v4.21/bin/bin/../../lib/gcc/pic32mx/8.3.1/../../../../pic32mx/lib\libpic32.a(default-nmi-handler.o)
                              D:\Users\shinichi.sasajima\Temp\ccIy4Z3W.o (_nmi_handler)
d:/program files/microchip/xc32/v4.21/bin/bin/../../lib/gcc/pic32mx/8.3.1/../../../../pic32mx/lib\libpic32.a(pic32_data_init_wrapper.o)
                              D:\Users\shinichi.sasajima\Temp\ccIy4Z3W.o (__pic32_data_init)
d:/program files/microchip/xc32/v4.21/bin/bin/../../lib/gcc/pic32mx/8.3.1/../../../../pic32mx/lib\libpic32.a(pic32_data_init_0_1.o)
                              (__copy_needed)
d:/program files/microchip/xc32/v4.21/bin/bin/../../lib/gcc/pic32mx/8.3.1/../../../../pic32mx/lib\libpic32.a(general-exception.o)
                              D:\Users\shinichi.sasajima\Temp\ccIy4Z3W.o (_general_exception_context)
d:/program files/microchip/xc32/v4.21/bin/bin/../../lib/gcc/pic32mx/8.3.1/../../../../pic32mx/lib\libpic32.a(vector0.o)
                              D:\Users\shinichi.sasajima\Temp\cc6IKGtp.o (__vector_dispatch_0)
d:/program files/microchip/xc32/v4.21/bin/bin/../../lib/gcc/pic32mx/8.3.1/../../../../pic32mx/lib\libpic32.a(vector1.o)
                              D:\Users\shinichi.sasajima\Temp\cc6IKGtp.o (__vector_dispatch_1)
d:/program files/microchip/xc32/v4.21/bin/bin/../../lib/gcc/pic32mx/8.3.1/../../../../pic32mx/lib\libpic32.a(vector2.o)
                              D:\Users\shinichi.sasajima\Temp\cc6IKGtp.o (__vector_dispatch_2)
d:/program files/microchip/xc32/v4.21/bin/bin/../../lib/gcc/pic32mx/8.3.1/../../../../pic32mx/lib\libpic32.a(vector3.o)
                              D:\Users\shinichi.sasajima\Temp\cc6IKGtp.o (__vector_dispatch_3)
d:/program files/microchip/xc32/v4.21/bin/bin/../../lib/gcc/pic32mx/8.3.1/../../../../pic32mx/lib\libpic32.a(vector5.o)
                              D:\Users\shinichi.sasajima\Temp\cc6IKGtp.o (__vector_dispatch_5)
d:/program files/microchip/xc32/v4.21/bin/bin/../../lib/gcc/pic32mx/8.3.1/../../../../pic32mx/lib\libpic32.a(vector6.o)
                              D:\Users\shinichi.sasajima\Temp\cc6IKGtp.o (__vector_dispatch_6)
d:/program files/microchip/xc32/v4.21/bin/bin/../../lib/gcc/pic32mx/8.3.1/../../../../pic32mx/lib\libpic32.a(vector7.o)
                              D:\Users\shinichi.sasajima\Temp\cc6IKGtp.o (__vector_dispatch_7)
d:/program files/microchip/xc32/v4.21/bin/bin/../../lib/gcc/pic32mx/8.3.1/../../../../pic32mx/lib\libpic32.a(vector8.o)
                              D:\Users\shinichi.sasajima\Temp\cc6IKGtp.o (__vector_dispatch_8)
d:/program files/microchip/xc32/v4.21/bin/bin/../../lib/gcc/pic32mx/8.3.1/../../../../pic32mx/lib\libpic32.a(vector9.o)
                              D:\Users\shinichi.sasajima\Temp\cc6IKGtp.o (__vector_dispatch_9)
d:/program files/microchip/xc32/v4.21/bin/bin/../../lib/gcc/pic32mx/8.3.1/../../../../pic32mx/lib\libpic32.a(vector10.o)
                              D:\Users\shinichi.sasajima\Temp\cc6IKGtp.o (__vector_dispatch_10)
d:/program files/microchip/xc32/v4.21/bin/bin/../../lib/gcc/pic32mx/8.3.1/../../../../pic32mx/lib\libpic32.a(vector11.o)
                              D:\Users\shinichi.sasajima\Temp\cc6IKGtp.o (__vector_dispatch_11)
d:/program files/microchip/xc32/v4.21/bin/bin/../../lib/gcc/pic32mx/8.3.1/../../../../pic32mx/lib\libpic32.a(vector12.o)
                              D:\Users\shinichi.sasajima\Temp\cc6IKGtp.o (__vector_dispatch_12)
d:/program files/microchip/xc32/v4.21/bin/bin/../../lib/gcc/pic32mx/8.3.1/../../../../pic32mx/lib\libpic32.a(vector13.o)
                              D:\Users\shinichi.sasajima\Temp\cc6IKGtp.o (__vector_dispatch_13)
d:/program files/microchip/xc32/v4.21/bin/bin/../../lib/gcc/pic32mx/8.3.1/../../../../pic32mx/lib\libpic32.a(vector14.o)
                              D:\Users\shinichi.sasajima\Temp\cc6IKGtp.o (__vector_dispatch_14)
d:/program files/microchip/xc32/v4.21/bin/bin/../../lib/gcc/pic32mx/8.3.1/../../../../pic32mx/lib\libpic32.a(vector16.o)
[...]
Memory Configuration

Name             Origin             Length             Attributes
kseg0_program_mem 0x000000009d000000 0x000000000000f000 xr
exception_mem    0x000000009d00f000 0x0000000000001000
debug_exec_mem   0x000000009fc00490 0x0000000000000760
kseg0_boot_mem   0x000000009fc00490 0x0000000000000000
kseg1_boot_mem   0x00000000bfc00000 0x0000000000000490
config3          0x00000000bfc00bf0 0x0000000000000004
config2          0x00000000bfc00bf4 0x0000000000000004
config1          0x00000000bfc00bf8 0x0000000000000004
config0          0x00000000bfc00bfc 0x0000000000000004
kseg1_data_mem   0x00000000a0000000 0x0000000000004000 w !x
sfrs             0x00000000bf800000 0x0000000000100000
configsfrs       0x00000000bfc00bf0 0x0000000000000010
*default*        0x0000000000000000 0xffffffffffffffff

Linker script and memory map

LOAD d:/program files/microchip/xc32/v4.21/bin/bin/../../lib/gcc/pic32mx/8.3.1/../../../../pic32mx/lib\debug-exception-return.o
LOAD build/PIC32MX230F064B/production/usb/usb_host.o
LOAD build/PIC32MX230F064B/production/usb/usb_host_hid.o
LOAD build/PIC32MX230F064B/production/usb/usb_host_hid_parser.o
LOAD build/PIC32MX230F064B/production/usb/usb_config.o
LOAD build/PIC32MX230F064B/production/usb/usb_host_hub.o
LOAD build/PIC32MX230F064B/production/usb/usb_struct_queue.o
LOAD build/PIC32MX230F064B/production/usb/usb_struct_config_list.o
LOAD build/PIC32MX230F064B/production/usb/usb_struct_interface.o
LOAD build/PIC32MX230F064B/production/usb/usb_host_trans.o
LOAD build/PIC32MX230F064B/production/usb/usb_common.o
LOAD build/PIC32MX230F064B/production/system.o
LOAD build/PIC32MX230F064B/production/exceptions.o
LOAD build/PIC32MX230F064B/production/app_host_hid_keyboard.o
LOAD build/PIC32MX230F064B/production/main.o
LOAD build/PIC32MX230F064B/production/timer_1ms.o
LOAD build/PIC32MX230F064B/production/uart.o
LOAD build/PIC32MX230F064B/production/timer_2.o
LOAD build/PIC32MX230F064B/production/interrupt.o
                0x0000000000000001                __MPLAB_BUILD = 0x1
                0x0000000000000bb8                _min_heap_size = 0xbb8
LOAD D:\Users\shinichi.sasajima\Temp\ccIy4Z3W.o
LOAD D:\Users\shinichi.sasajima\Temp\cc6vM7v2.o
LOAD D:\Users\shinichi.sasajima\Temp\cc6IKGtp.o
LOAD d:/program files/microchip/xc32/v4.21/bin/bin/../../lib/gcc/pic32mx/8.3.1/../../../../pic32mx/lib\pic32_software_reset.o
LOAD d:/program files/microchip/xc32/v4.21/bin/bin/../../lib/gcc/pic32mx/8.3.1\libgcc.a
START GROUP
LOAD d:/program files/microchip/xc32/v4.21/bin/bin/../../lib/gcc/pic32mx/8.3.1/../../../../pic32mx/lib\libpic32.a
LOAD d:/program files/microchip/xc32/v4.21/bin/bin/../../lib/gcc/pic32mx/8.3.1/../../../../pic32mx/lib\libdebug.a
LOAD d:/program files/microchip/xc32/v4.21/bin/bin/../../lib/gcc/pic32mx/8.3.1/../../../../pic32mx/lib\libc-musl.a
LOAD d:/program files/microchip/xc32/v4.21/bin/bin/../../lib/gcc/pic32mx/8.3.1/../../../../pic32mx/lib\libm.a
LOAD d:/program files/microchip/xc32/v4.21/bin/bin/../../lib/gcc/pic32mx/8.3.1/../../../../pic32mx/lib\libe.a
LOAD d:/program files/microchip/xc32/v4.21/bin/bin/../../lib/gcc/pic32mx/8.3.1/../../../../pic32mx/lib\libm-musl.a
LOAD d:/program files/microchip/xc32/v4.21/bin/bin/../../lib/gcc/pic32mx/8.3.1/../../../../pic32mx/lib\libdsp.a
LOAD d:/program files/microchip/xc32/v4.21/bin/bin/../../lib/gcc/pic32mx/8.3.1\libgcc.a
END GROUP
LOAD d:/program files/microchip/xc32/v4.21/bin/bin/../../lib/gcc/pic32mx/8.3.1\libgcc.a
                0x0000000000000400                PROVIDE (_min_stack_size = 0x400)
START GROUP
LOAD libmchp_peripheral.a
END GROUP
START GROUP
LOAD libmchp_peripheral_32MX230F064B.a
END GROUP
                0x0000000000000001                PROVIDE (_vector_spacing = 0x1)
                0x000000009d00f000                PROVIDE (_ebase_address = 0x9d00f000)
                0x00000000bfc00000                _RESET_ADDR = 0xbfc00000
                0x00000000bfc00380                _BEV_EXCPT_ADDR = 0xbfc00380
                0x00000000bfc00480                _DBG_EXCPT_ADDR = 0xbfc00480
                0x000000009fc00490                _DBG_CODE_ADDR = 0x9fc00490
                0x0000000000000760                _DBG_CODE_SIZE = 0x760
                0x000000009d00f180                _GEN_EXCPT_ADDR = (_ebase_address + 0x180)

.config_BFC00BF0
                0x00000000bfc00bf0        0x4
 *(.config_BFC00BF0)
 .config_BFC00BF0
                0x00000000bfc00bf0        0x4 build/PIC32MX230F064B/production/system.o
                0x00000000bfc00bf0                __config_BFC00BF0

.config_BFC00BF4
                0x00000000bfc00bf4        0x4
 *(.config_BFC00BF4)
 .config_BFC00BF4
                0x00000000bfc00bf4        0x4 build/PIC32MX230F064B/production/system.o
                0x00000000bfc00bf4                __config_BFC00BF4

.config_BFC00BF8
                0x00000000bfc00bf8        0x4
 *(.config_BFC00BF8)
 .config_BFC00BF8
                0x00000000bfc00bf8        0x4 build/PIC32MX230F064B/production/system.o
                0x00000000bfc00bf8                __config_BFC00BF8

.config_BFC00BFC
                0x00000000bfc00bfc        0x4
 *(.config_BFC00BFC)
 .config_BFC00BFC
                0x00000000bfc00bfc        0x4 build/PIC32MX230F064B/production/system.o
                0x00000000bfc00bfc                __config_BFC00BFC

.reset          0x00000000bfc00000      0x178
 *(.reset)
 .reset         0x00000000bfc00000        0x8 D:\Users\shinichi.sasajima\Temp\ccIy4Z3W.o
                0x00000000bfc00000                _reset
 *(.reset.startup)
 .reset.startup
                0x00000000bfc00008      0x170 D:\Users\shinichi.sasajima\Temp\ccIy4Z3W.o
                0x00000000bfc00008                _startup

.bev_excpt      0x00000000bfc00380       0x10
 *(.bev_handler)
 .bev_handler   0x00000000bfc00380       0x10 D:\Users\shinichi.sasajima\Temp\ccIy4Z3W.o

.dbg_excpt      0x00000000bfc00480        0x0
                0x00000000bfc00480                . = (. + DEFINED (_DEBUGGER)?0x8:0x0)

.dbg_code       0x000000009fc00490        0x0
                0x000000009fc00490                . = (. + DEFINED (_DEBUGGER)?_DBG_CODE_SIZE:0x0)

.app_excpt      0x000000009d00f180       0x10
 *(.gen_handler)
 .gen_handler   0x000000009d00f180       0x10 D:\Users\shinichi.sasajima\Temp\ccIy4Z3W.o

.vector_0       0x000000009d00f200        0x8
 *(.vector_0)
 .vector_0      0x000000009d00f200        0x8 d:/program files/microchip/xc32/v4.21/bin/bin/../../lib/gcc/pic32mx/8.3.1/../../../../pic32mx/lib\libpic32.a(vector0.o)
                0x000000009d00f200                __vector_dispatch_0
                0x0000000000000001                ASSERT (((_vector_spacing == 0x0) || (SIZEOF (.vector_0) <= (_vector_spacing << 0x5))), function at exception vector 0 too large)

.vector_1       0x000000009d00f220        0x8
 *(.vector_1)
 .vector_1      0x000000009d00f220        0x8 d:/program files/microchip/xc32/v4.21/bin/bin/../../lib/gcc/pic32mx/8.3.1/../../../../pic32mx/lib\libpic32.a(vector1.o)
                0x000000009d00f220                __vector_dispatch_1
                0x0000000000000001                ASSERT (((_vector_spacing == 0x0) || (SIZEOF (.vector_1) <= (_vector_spacing << 0x5))), function at exception vector 1 too large)

.vector_2       0x000000009d00f240        0x8
 *(.vector_2)
 .vector_2      0x000000009d00f240        0x8 d:/program files/microchip/xc32/v4.21/bin/bin/../../lib/gcc/pic32mx/8.3.1/../../../../pic32mx/lib\libpic32.a(vector2.o)
                0x000000009d00f240                __vector_dispatch_2
                0x0000000000000001                ASSERT (((_vector_spacing == 0x0) || (SIZEOF (.vector_2) <= (_vector_spacing << 0x5))), function at exception vector 2 too large)

.vector_3       0x000000009d00f260        0x8
 *(.vector_3)
 .vector_3      0x000000009d00f260        0x8 d:/program files/microchip/xc32/v4.21/bin/bin/../../lib/gcc/pic32mx/8.3.1/../../../../pic32mx/lib\libpic32.a(vector3.o)
                0x000000009d00f260                __vector_dispatch_3
                0x0000000000000001                ASSERT (((_vector_spacing == 0x0) || (SIZEOF (.vector_3) <= (_vector_spacing << 0x5))), function at exception vector 3 too large)

.vector_4       0x000000009d00f280        0x8
 *(.vector_4)
 .vector_4      0x000000009d00f280        0x8 build/PIC32MX230F064B/production/timer_1ms.o
                0x000000009d00f280                __vector_dispatch_4
                0x0000000000000001                ASSERT (((_vector_spacing == 0x0) || (SIZEOF (.vector_4) <= (_vector_spacing << 0x5))), function at exception vector 4 too large)

.vector_5       0x000000009d00f2a0        0x8
 *(.vector_5)
 .vector_5      0x000000009d00f2a0        0x8 d:/program files/microchip/xc32/v4.21/bin/bin/../../lib/gcc/pic32mx/8.3.1/../../../../pic32mx/lib\libpic32.a(vector5.o)
                0x000000009d00f2a0                __vector_dispatch_5
                0x0000000000000001                ASSERT (((_vector_spacing == 0x0) || (SIZEOF (.vector_5) <= (_vector_spacing << 0x5))), function at exception vector 5 too large)

.vector_6       0x000000009d00f2c0        0x8
 *(.vector_6)
 .vector_6      0x000000009d00f2c0        0x8 d:/program files/microchip/xc32/v4.21/bin/bin/../../lib/gcc/pic32mx/8.3.1/../../../../pic32mx/lib\libpic32.a(vector6.o)
                0x000000009d00f2c0                __vector_dispatch_6
                0x0000000000000001                ASSERT (((_vector_spacing == 0x0) || (SIZEOF (.vector_6) <= (_vector_spacing << 0x5))), function at exception vector 6 too large)

.vector_7       0x000000009d00f2e0        0x8
 *(.vector_7)
 .vector_7      0x000000009d00f2e0        0x8 d:/program files/microchip/xc32/v4.21/bin/bin/../../lib/gcc/pic32mx/8.3.1/../../../../pic32mx/lib\libpic32.a(vector7.o)
                0x000000009d00f2e0                __vector_dispatch_7
                0x0000000000000001                ASSERT (((_vector_spacing == 0x0) || (SIZEOF (.vector_7) <= (_vector_spacing << 0x5))), function at exception vector 7 too large)

.vector_8       0x000000009d00f300        0x8
 *(.vector_8)
 .vector_8      0x000000009d00f300        0x8 d:/program files/microchip/xc32/v4.21/bin/bin/../../lib/gcc/pic32mx/8.3.1/../../../../pic32mx/lib\libpic32.a(vector8.o)
                0x000000009d00f300                __vector_dispatch_8
                0x0000000000000001                ASSERT (((_vector_spacing == 0x0) || (SIZEOF (.vector_8) <= (_vector_spacing << 0x5))), function at exception vector 8 too large)

.vector_9       0x000000009d00f320        0x8
 *(.vector_9)
 .vector_9      0x000000009d00f320        0x8 d:/program files/microchip/xc32/v4.21/bin/bin/../../lib/gcc/pic32mx/8.3.1/../../../../pic32mx/lib\libpic32.a(vector9.o)
                0x000000009d00f320                __vector_dispatch_9
                0x0000000000000001                ASSERT (((_vector_spacing == 0x0) || (SIZEOF (.vector_9) <= (_vector_spacing << 0x5))), function at exception vector 9 too large)

.vector_10      0x000000009d00f340        0x8
 *(.vector_10)
 .vector_10     0x000000009d00f340        0x8 d:/program files/microchip/xc32/v4.21/bin/bin/../../lib/gcc/pic32mx/8.3.1/../../../../pic32mx/lib\libpic32.a(vector10.o)
                0x000000009d00f340                __vector_dispatch_10
                0x0000000000000001                ASSERT (((_vector_spacing == 0x0) || (SIZEOF (.vector_10) <= (_vector_spacing << 0x5))), function at exception vector 10 too large)

.vector_11      0x000000009d00f360        0x8
 *(.vector_11)
 .vector_11     0x000000009d00f360        0x8 d:/program files/microchip/xc32/v4.21/bin/bin/../../lib/gcc/pic32mx/8.3.1/../../../../pic32mx/lib\libpic32.a(vector11.o)
                0x000000009d00f360                __vector_dispatch_11
                0x0000000000000001                ASSERT (((_vector_spacing == 0x0) || (SIZEOF (.vector_11) <= (_vector_spacing << 0x5))), function at exception vector 11 too large)

.vector_12      0x000000009d00f380        0x8
 *(.vector_12)
 .vector_12     0x000000009d00f380        0x8 d:/program files/microchip/xc32/v4.21/bin/bin/../../lib/gcc/pic32mx/8.3.1/../../../../pic32mx/lib\libpic32.a(vector12.o)
                0x000000009d00f380                __vector_dispatch_12
                0x0000000000000001                ASSERT (((_vector_spacing == 0x0) || (SIZEOF (.vector_12) <= (_vector_spacing << 0x5))), function at exception vector 12 too large)

.vector_13      0x000000009d00f3a0        0x8
 *(.vector_13)
 .vector_13     0x000000009d00f3a0        0x8 d:/program files/microchip/xc32/v4.21/bin/bin/../../lib/gcc/pic32mx/8.3.1/../../../../pic32mx/lib\libpic32.a(vector13.o)
                0x000000009d00f3a0                __vector_dispatch_13
                0x0000000000000001                ASSERT (((_vector_spacing == 0x0) || (SIZEOF (.vector_13) <= (_vector_spacing << 0x5))), function at exception vector 13 too large)

.vector_14      0x000000009d00f3c0        0x8
 *(.vector_14)
 .vector_14     0x000000009d00f3c0        0x8 d:/program files/microchip/xc32/v4.21/bin/bin/../../lib/gcc/pic32mx/8.3.1/../../../../pic32mx/lib\libpic32.a(vector14.o)
                0x000000009d00f3c0                __vector_dispatch_14
                0x0000000000000001                ASSERT (((_vector_spacing == 0x0) || (SIZEOF (.vector_14) <= (_vector_spacing << 0x5))), function at exception vector 14 too large)

.vector_15      0x000000009d00f3e0        0x8
 *(.vector_15)
 .vector_15     0x000000009d00f3e0        0x8 build/PIC32MX230F064B/production/interrupt.o
                0x000000009d00f3e0                __vector_dispatch_15
                0x0000000000000001                ASSERT (((_vector_spacing == 0x0) || (SIZEOF (.vector_15) <= (_vector_spacing << 0x5))), function at exception vector 15 too large)

.vector_16      0x000000009d00f400        0x8
 *(.vector_16)
 .vector_16     0x000000009d00f400        0x8 d:/program files/microchip/xc32/v4.21/bin/bin/../../lib/gcc/pic32mx/8.3.1/../../../../pic32mx/lib\libpic32.a(vector16.o)
                0x000000009d00f400                __vector_dispatch_16
                0x0000000000000001                ASSERT (((_vector_spacing == 0x0) || (SIZEOF (.vector_16) <= (_vector_spacing << 0x5))), function at exception vector 16 too large)

.vector_17      0x000000009d00f420        0x8
 *(.vector_17)
 .vector_17     0x000000009d00f420        0x8 d:/program files/microchip/xc32/v4.21/bin/bin/../../lib/gcc/pic32mx/8.3.1/../../../../pic32mx/lib\libpic32.a(vector17.o)
                0x000000009d00f420                __vector_dispatch_17
                0x0000000000000001                ASSERT (((_vector_spacing == 0x0) || (SIZEOF (.vector_17) <= (_vector_spacing << 0x5))), function at exception vector 17 too large)

.vector_18      0x000000009d00f440        0x8
 *(.vector_18)
 .vector_18     0x000000009d00f440        0x8 d:/program files/microchip/xc32/v4.21/bin/bin/../../lib/gcc/pic32mx/8.3.1/../../../../pic32mx/lib\libpic32.a(vector18.o)
                0x000000009d00f440                __vector_dispatch_18
                0x0000000000000001                ASSERT (((_vector_spacing == 0x0) || (SIZEOF (.vector_18) <= (_vector_spacing << 0x5))), function at exception vector 18 too large)

.vector_19      0x000000009d00f460        0x8
 *(.vector_19)
 .vector_19     0x000000009d00f460        0x8 build/PIC32MX230F064B/production/interrupt.o
                0x000000009d00f460                __vector_dispatch_19
                0x0000000000000001                ASSERT (((_vector_spacing == 0x0) || (SIZEOF (.vector_19) <= (_vector_spacing << 0x5))), function at exception vector 19 too large)

.vector_20      0x000000009d00f480        0x8
 *(.vector_20)
 .vector_20     0x000000009d00f480        0x8 d:/program files/microchip/xc32/v4.21/bin/bin/../../lib/gcc/pic32mx/8.3.1/../../../../pic32mx/lib\libpic32.a(vector20.o)
                0x000000009d00f480                __vector_dispatch_20
                0x0000000000000001                ASSERT (((_vector_spacing == 0x0) || (SIZEOF (.vector_20) <= (_vector_spacing << 0x5))), function at exception vector 20 too large)

.vector_21      0x000000009d00f4a0        0x8
 *(.vector_21)
 .vector_21     0x000000009d00f4a0        0x8 d:/program files/microchip/xc32/v4.21/bin/bin/../../lib/gcc/pic32mx/8.3.1/../../../../pic32mx/lib\libpic32.a(vector21.o)
                0x000000009d00f4a0                __vector_dispatch_21
                0x0000000000000001                ASSERT (((_vector_spacing == 0x0) || (SIZEOF (.vector_21) <= (_vector_spacing << 0x5))), function at exception vector 21 too large)

.vector_22      0x000000009d00f4c0        0x8
 *(.vector_22)
 .vector_22     0x000000009d00f4c0        0x8 d:/program files/microchip/xc32/v4.21/bin/bin/../../lib/gcc/pic32mx/8.3.1/../../../../pic32mx/lib\libpic32.a(vector22.o)
                0x000000009d00f4c0                __vector_dispatch_22
                0x0000000000000001                ASSERT (((_vector_spacing == 0x0) || (SIZEOF (.vector_22) <= (_vector_spacing << 0x5))), function at exception vector 22 too large)

.vector_23      0x000000009d00f4e0        0x8
 *(.vector_23)
 .vector_23     0x000000009d00f4e0        0x8 d:/program files/microchip/xc32/v4.21/bin/bin/../../lib/gcc/pic32mx/8.3.1/../../../../pic32mx/lib\libpic32.a(vector23.o)
                0x000000009d00f4e0                __vector_dispatch_23
                0x0000000000000001                ASSERT (((_vector_spacing == 0x0) || (SIZEOF (.vector_23) <= (_vector_spacing << 0x5))), function at exception vector 23 too large)

.vector_24      0x000000009d00f500        0x8
 *(.vector_24)
 .vector_24     0x000000009d00f500        0x8 d:/program files/microchip/xc32/v4.21/bin/bin/../../lib/gcc/pic32mx/8.3.1/../../../../pic32mx/lib\libpic32.a(vector24.o)
                0x000000009d00f500                __vector_dispatch_24
                0x0000000000000001                ASSERT (((_vector_spacing == 0x0) || (SIZEOF (.vector_24) <= (_vector_spacing << 0x5))), function at exception vector 24 too large)

.vector_25      0x000000009d00f520        0x8
 *(.vector_25)
 .vector_25     0x000000009d00f520        0x8 d:/program files/microchip/xc32/v4.21/bin/bin/../../lib/gcc/pic32mx/8.3.1/../../../../pic32mx/lib\libpic32.a(vector25.o)
                0x000000009d00f520                __vector_dispatch_25
                0x0000000000000001                ASSERT (((_vector_spacing == 0x0) || (SIZEOF (.vector_25) <= (_vector_spacing << 0x5))), function at exception vector 25 too large)

.vector_26      0x000000009d00f540        0x8
 *(.vector_26)
 .vector_26     0x000000009d00f540        0x8 d:/program files/microchip/xc32/v4.21/bin/bin/../../lib/gcc/pic32mx/8.3.1/../../../../pic32mx/lib\libpic32.a(vector26.o)
                0x000000009d00f540                __vector_dispatch_26
                0x0000000000000001                ASSERT (((_vector_spacing == 0x0) || (SIZEOF (.vector_26) <= (_vector_spacing << 0x5))), function at exception vector 26 too large)

.vector_27      0x000000009d00f560        0x8
 *(.vector_27)
 .vector_27     0x000000009d00f560        0x8 d:/program files/microchip/xc32/v4.21/bin/bin/../../lib/gcc/pic32mx/8.3.1/../../../../pic32mx/lib\libpic32.a(vector27.o)
                0x000000009d00f560                __vector_dispatch_27
                0x0000000000000001                ASSERT (((_vector_spacing == 0x0) || (SIZEOF (.vector_27) <= (_vector_spacing << 0x5))), function at exception vector 27 too large)

.vector_28      0x000000009d00f580        0x8
 *(.vector_28)
 .vector_28     0x000000009d00f580        0x8 d:/program files/microchip/xc32/v4.21/bin/bin/../../lib/gcc/pic32mx/8.3.1/../../../../pic32mx/lib\libpic32.a(vector28.o)
                0x000000009d00f580                __vector_dispatch_28
                0x0000000000000001                ASSERT (((_vector_spacing == 0x0) || (SIZEOF (.vector_28) <= (_vector_spacing << 0x5))), function at exception vector 28 too large)

.vector_29      0x000000009d00f5a0        0x8
 *(.vector_29)
 .vector_29     0x000000009d00f5a0        0x8 d:/program files/microchip/xc32/v4.21/bin/bin/../../lib/gcc/pic32mx/8.3.1/../../../../pic32mx/lib\libpic32.a(vector29.o)
                0x000000009d00f5a0                __vector_dispatch_29
                0x0000000000000001                ASSERT (((_vector_spacing == 0x0) || (SIZEOF (.vector_29) <= (_vector_spacing << 0x5))), function at exception vector 29 too large)

.vector_30      0x000000009d00f5c0        0x8
 *(.vector_30)
 .vector_30     0x000000009d00f5c0        0x8 build/PIC32MX230F064B/production/interrupt.o
                0x000000009d00f5c0                __vector_dispatch_30
                0x0000000000000001                ASSERT (((_vector_spacing == 0x0) || (SIZEOF (.vector_30) <= (_vector_spacing << 0x5))), function at exception vector 30 too large)

.vector_31      0x000000009d00f5e0        0x8
 *(.vector_31)
 .vector_31     0x000000009d00f5e0        0x8 d:/program files/microchip/xc32/v4.21/bin/bin/../../lib/gcc/pic32mx/8.3.1/../../../../pic32mx/lib\libpic32.a(vector31.o)
                0x000000009d00f5e0                __vector_dispatch_31
                0x0000000000000001                ASSERT (((_vector_spacing == 0x0) || (SIZEOF (.vector_31) <= (_vector_spacing << 0x5))), function at exception vector 31 too large)

.vector_32      0x000000009d00f600        0x8
 *(.vector_32)
 .vector_32     0x000000009d00f600        0x8 d:/program files/microchip/xc32/v4.21/bin/bin/../../lib/gcc/pic32mx/8.3.1/../../../../pic32mx/lib\libpic32.a(vector32.o)
                0x000000009d00f600                __vector_dispatch_32
                0x0000000000000001                ASSERT (((_vector_spacing == 0x0) || (SIZEOF (.vector_32) <= (_vector_spacing << 0x5))), function at exception vector 32 too large)

.vector_33      0x000000009d00f620        0x8
 *(.vector_33)
 .vector_33     0x000000009d00f620        0x8 d:/program files/microchip/xc32/v4.21/bin/bin/../../lib/gcc/pic32mx/8.3.1/../../../../pic32mx/lib\libpic32.a(vector33.o)
                0x000000009d00f620                __vector_dispatch_33
                0x0000000000000001                ASSERT (((_vector_spacing == 0x0) || (SIZEOF (.vector_33) <= (_vector_spacing << 0x5))), function at exception vector 33 too large)

.vector_34      0x000000009d00f640        0x8
 *(.vector_34)
 .vector_34     0x000000009d00f640        0x8 d:/program files/microchip/xc32/v4.21/bin/bin/../../lib/gcc/pic32mx/8.3.1/../../../../pic32mx/lib\libpic32.a(vector34.o)
                0x000000009d00f640                __vector_dispatch_34
                0x0000000000000001                ASSERT (((_vector_spacing == 0x0) || (SIZEOF (.vector_34) <= (_vector_spacing << 0x5))), function at exception vector 34 too large)

.vector_35      0x000000009d00f660        0x8
 *(.vector_35)
 .vector_35     0x000000009d00f660        0x8 d:/program files/microchip/xc32/v4.21/bin/bin/../../lib/gcc/pic32mx/8.3.1/../../../../pic32mx/lib\libpic32.a(vector35.o)
                0x000000009d00f660                __vector_dispatch_35
                0x0000000000000001                ASSERT (((_vector_spacing == 0x0) || (SIZEOF (.vector_35) <= (_vector_spacing << 0x5))), function at exception vector 35 too large)

.vector_36      0x000000009d00f680        0x8
 *(.vector_36)
 .vector_36     0x000000009d00f680        0x8 d:/program files/microchip/xc32/v4.21/bin/bin/../../lib/gcc/pic32mx/8.3.1/../../../../pic32mx/lib\libpic32.a(vector36.o)
                0x000000009d00f680                __vector_dispatch_36
                0x0000000000000001                ASSERT (((_vector_spacing == 0x0) || (SIZEOF (.vector_36) <= (_vector_spacing << 0x5))), function at exception vector 36 too large)

.vector_37      0x000000009d00f6a0        0x8
 *(.vector_37)
 .vector_37     0x000000009d00f6a0        0x8 d:/program files/microchip/xc32/v4.21/bin/bin/../../lib/gcc/pic32mx/8.3.1/../../../../pic32mx/lib\libpic32.a(vector37.o)
                0x000000009d00f6a0                __vector_dispatch_37
                0x0000000000000001                ASSERT (((_vector_spacing == 0x0) || (SIZEOF (.vector_37) <= (_vector_spacing << 0x5))), function at exception vector 37 too large)

.vector_38      0x000000009d00f6c0        0x8
 *(.vector_38)
 .vector_38     0x000000009d00f6c0        0x8 d:/program files/microchip/xc32/v4.21/bin/bin/../../lib/gcc/pic32mx/8.3.1/../../../../pic32mx/lib\libpic32.a(vector38.o)
                0x000000009d00f6c0                __vector_dispatch_38
                0x0000000000000001                ASSERT (((_vector_spacing == 0x0) || (SIZEOF (.vector_38) <= (_vector_spacing << 0x5))), function at exception vector 38 too large)

.vector_39      0x000000009d00f6e0        0x8
 *(.vector_39)
 .vector_39     0x000000009d00f6e0        0x8 d:/program files/microchip/xc32/v4.21/bin/bin/../../lib/gcc/pic32mx/8.3.1/../../../../pic32mx/lib\libpic32.a(vector39.o)
                0x000000009d00f6e0                __vector_dispatch_39
                0x0000000000000001                ASSERT (((_vector_spacing == 0x0) || (SIZEOF (.vector_39) <= (_vector_spacing << 0x5))), function at exception vector 39 too large)

.vector_40      0x000000009d00f700        0x8
 *(.vector_40)
 .vector_40     0x000000009d00f700        0x8 d:/program files/microchip/xc32/v4.21/bin/bin/../../lib/gcc/pic32mx/8.3.1/../../../../pic32mx/lib\libpic32.a(vector40.o)
                0x000000009d00f700                __vector_dispatch_40
                0x0000000000000001                ASSERT (((_vector_spacing == 0x0) || (SIZEOF (.vector_40) <= (_vector_spacing << 0x5))), function at exception vector 40 too large)

.vector_41      0x000000009d00f720        0x8
 *(.vector_41)
 .vector_41     0x000000009d00f720        0x8 d:/program files/microchip/xc32/v4.21/bin/bin/../../lib/gcc/pic32mx/8.3.1/../../../../pic32mx/lib\libpic32.a(vector41.o)
                0x000000009d00f720                __vector_dispatch_41
                0x0000000000000001                ASSERT (((_vector_spacing == 0x0) || (SIZEOF (.vector_41) <= (_vector_spacing << 0x5))), function at exception vector 41 too large)

.vector_42      0x000000009d00f740        0x8
 *(.vector_42)
 .vector_42     0x000000009d00f740        0x8 d:/program files/microchip/xc32/v4.21/bin/bin/../../lib/gcc/pic32mx/8.3.1/../../../../pic32mx/lib\libpic32.a(vector42.o)
                0x000000009d00f740                __vector_dispatch_42
                0x0000000000000001                ASSERT (((_vector_spacing == 0x0) || (SIZEOF (.vector_42) <= (_vector_spacing << 0x5))), function at exception vector 42 too large)

.vector_43      0x000000009d00f760        0x8
 *(.vector_43)
 .vector_43     0x000000009d00f760        0x8 d:/program files/microchip/xc32/v4.21/bin/bin/../../lib/gcc/pic32mx/8.3.1/../../../../pic32mx/lib\libpic32.a(vector43.o)
                0x000000009d00f760                __vector_dispatch_43
                0x0000000000000001                ASSERT (((_vector_spacing == 0x0) || (SIZEOF (.vector_43) <= (_vector_spacing << 0x5))), function at exception vector 43 too large)

.vector_44      0x000000009d00f780        0x0
 *(.vector_44)
                0x0000000000000001                ASSERT (((_vector_spacing == 0x0) || (SIZEOF (.vector_44) <= (_vector_spacing << 0x5))), function at exception vector 44 too large)

.vector_45      0x000000009d00f7a0        0x0
 *(.vector_45)
                0x0000000000000001                ASSERT (((_vector_spacing == 0x0) || (SIZEOF (.vector_45) <= (_vector_spacing << 0x5))), function at exception vector 45 too large)

.vector_46      0x000000009d00f7c0        0x0
 *(.vector_46)
                0x0000000000000001                ASSERT (((_vector_spacing == 0x0) || (SIZEOF (.vector_46) <= (_vector_spacing << 0x5))), function at exception vector 46 too large)

.vector_47      0x000000009d00f7e0        0x0
 *(.vector_47)
                0x0000000000000001                ASSERT (((_vector_spacing == 0x0) || (SIZEOF (.vector_47) <= (_vector_spacing << 0x5))), function at exception vector 47 too large)

.vector_48      0x000000009d00f800        0x0
 *(.vector_48)
                0x0000000000000001                ASSERT (((_vector_spacing == 0x0) || (SIZEOF (.vector_48) <= (_vector_spacing << 0x5))), function at exception vector 48 too large)

.vector_49      0x000000009d00f820        0x0
 *(.vector_49)
                0x0000000000000001                ASSERT (((_vector_spacing == 0x0) || (SIZEOF (.vector_49) <= (_vector_spacing << 0x5))), function at exception vector 49 too large)

.vector_50      0x000000009d00f840        0x0
 *(.vector_50)
                0x0000000000000001                ASSERT (((_vector_spacing == 0x0) || (SIZEOF (.vector_50) <= (_vector_spacing << 0x5))), function at exception vector 50 too large)

.vector_51      0x000000009d00f860        0x0
 *(.vector_51)
                0x0000000000000001                ASSERT (((_vector_spacing == 0x0) || (SIZEOF (.vector_51) <= (_vector_spacing << 0x5))), function at exception vector 51 too large)

.vector_52      0x000000009d00f880        0x0
 *(.vector_52)
                0x0000000000000001                ASSERT (((_vector_spacing == 0x0) || (SIZEOF (.vector_52) <= (_vector_spacing << 0x5))), function at exception vector 52 too large)

.vector_53      0x000000009d00f8a0        0x0
 *(.vector_53)
                0x0000000000000001                ASSERT (((_vector_spacing == 0x0) || (SIZEOF (.vector_53) <= (_vector_spacing << 0x5))), function at exception vector 53 too large)

.vector_54      0x000000009d00f8c0        0x0
 *(.vector_54)
                0x0000000000000001                ASSERT (((_vector_spacing == 0x0) || (SIZEOF (.vector_54) <= (_vector_spacing << 0x5))), function at exception vector 54 too large)

.vector_55      0x000000009d00f8e0        0x0
 *(.vector_55)
                0x0000000000000001                ASSERT (((_vector_spacing == 0x0) || (SIZEOF (.vector_55) <= (_vector_spacing << 0x5))), function at exception vector 55 too large)

.vector_56      0x000000009d00f900        0x0
 *(.vector_56)
                0x0000000000000001                ASSERT (((_vector_spacing == 0x0) || (SIZEOF (.vector_56) <= (_vector_spacing << 0x5))), function at exception vector 56 too large)

.vector_57      0x000000009d00f920        0x0
 *(.vector_57)
                0x0000000000000001                ASSERT (((_vector_spacing == 0x0) || (SIZEOF (.vector_57) <= (_vector_spacing << 0x5))), function at exception vector 57 too large)

.vector_58      0x000000009d00f940        0x0
 *(.vector_58)
                0x0000000000000001                ASSERT (((_vector_spacing == 0x0) || (SIZEOF (.vector_58) <= (_vector_spacing << 0x5))), function at exception vector 58 too large)

.vector_59      0x000000009d00f960        0x0
 *(.vector_59)
                0x0000000000000001                ASSERT (((_vector_spacing == 0x0) || (SIZEOF (.vector_59) <= (_vector_spacing << 0x5))), function at exception vector 59 too large)

.vector_60      0x000000009d00f980        0x0
 *(.vector_60)
                0x0000000000000001                ASSERT (((_vector_spacing == 0x0) || (SIZEOF (.vector_60) <= (_vector_spacing << 0x5))), function at exception vector 60 too large)

.vector_61      0x000000009d00f9a0        0x0
 *(.vector_61)
                0x0000000000000001                ASSERT (((_vector_spacing == 0x0) || (SIZEOF (.vector_61) <= (_vector_spacing << 0x5))), function at exception vector 61 too large)

.vector_62      0x000000009d00f9c0        0x0
 *(.vector_62)
                0x0000000000000001                ASSERT (((_vector_spacing == 0x0) || (SIZEOF (.vector_62) <= (_vector_spacing << 0x5))), function at exception vector 62 too large)

.vector_63      0x000000009d00f9e0        0x0
 *(.vector_63)
                0x0000000000000001                ASSERT (((_vector_spacing == 0x0) || (SIZEOF (.vector_63) <= (_vector_spacing << 0x5))), function at exception vector 63 too large)

.startup
 *(.startup)

.text           0x000000009d000000        0x0
 *(.stub .gnu.linkonce.t.*)
 *(.text.*personality*)
 *(.mips16.fn.*)
 *(.mips16.call.*)
 *(.gnu.warning)
                0x000000009d000000                . = ALIGN (0x4)

.init           0x000000009d000000        0x0
 *crti.o(.init)
 *crtbegin.o(.init)
 *(EXCLUDE_FILE(*crtn.o *crtend?.o *crtend.o) .init)
 *crtend.o(.init)
 *crtn.o(.init)
                0x000000009d000000                . = ALIGN (0x4)

.fini           0x000000009d000000        0x0
 *(.fini)
                0x000000009d000000                . = ALIGN (0x4)

.preinit_array  0x000000009d000000        0x0
                [!provide]                        PROVIDE (__preinit_array_start = .)
 *(.preinit_array)
                [!provide]                        PROVIDE (__preinit_array_end = .)
                0x000000009d000000                . = ALIGN (0x4)

.init_array     0x000000009d000000        0x0
                [!provide]                        PROVIDE (__init_array_start = .)
 *(SORT_BY_NAME(.init_array.*))
 *(.init_array)
                [!provide]                        PROVIDE (__init_array_end = .)
                0x000000009d000000                . = ALIGN (0x4)

.fini_array     0x000000009d000000        0x0
                [!provide]                        PROVIDE (__fini_array_start = .)
 *(SORT_BY_NAME(.fini_array.*))
 *(.fini_array)
                [!provide]                        PROVIDE (__fini_array_end = .)
                0x000000009d000000                . = ALIGN (0x4)

.ctors          0x000000009d000000        0x0
 *crtbegin.o(.ctors)
 *crtbegin?.o(.ctors)
 *(EXCLUDE_FILE(*crtend?.o *crtend.o) .ctors)
 *(SORT_BY_NAME(.ctors.*))
 *(.ctors)
                0x000000009d000000                . = ALIGN (0x4)

.dtors          0x000000009d000000        0x0
 *crtbegin.o(.dtors)
 *crtbegin?.o(.dtors)
 *(EXCLUDE_FILE(*crtend?.o *crtend.o) .dtors)
 *(SORT_BY_NAME(.dtors.*))
 *(.dtors)
                0x000000009d000000                . = ALIGN (0x4)

.rodata         0x000000009d000000        0x0
 *(.gnu.linkonce.r.*)
 *(.rodata1)
                0x000000009d000000                . = ALIGN (0x4)

.sdata2         0x000000009d000000        0x0
 *(.sdata2 .sdata2.* .gnu.linkonce.s2.*)
                0x000000009d000000                . = ALIGN (0x4)

.sbss2          0x000000009d000000        0x0
 *(.sbss2 .sbss2.* .gnu.linkonce.sb2.*)
                0x000000009d000000                . = ALIGN (0x4)

.eh_frame_hdr
 *(.eh_frame_hdr)
                0x000000009d000000                . = ALIGN (0x4)

.eh_frame
 *(.eh_frame)
                0x000000009d000000                . = ALIGN (0x4)

.gcc_except_table
 *(.gcc_except_table .gcc_except_table.*)
                0x000000009d000000                . = ALIGN (0x4)

.dbg_data       0x00000000a0000000        0x0
                0x00000000a0000000                . = (. + DEFINED (_DEBUGGER)?0x200:0x0)

.jcr            0x00000000a0000000        0x0
 *(.jcr)
                0x00000000a0000000                . = ALIGN (0x4)

.eh_frame
 *(.eh_frame)
                0x00000000a0000000                . = ALIGN (0x4)

.gcc_except_table
 *(.gcc_except_table .gcc_except_table.*)
                0x00000000a0000000                . = ALIGN (0x4)

.persist        0x00000000a0000000        0x0
                0x00000000a0000000                _persist_begin = .
 *(.persist .persist.*)
                0x00000000a0000000                . = ALIGN (0x4)
                0x00000000a0000000                _persist_end = .

.data           0x00000000a0000000        0x0
 *(.gnu.linkonce.d.*)
 *(.data1)
                0x00000000a0000000                . = ALIGN (0x4)
                0x00000000a0000000                . = .
                0x00000000a0007ff0                _gp = (ALIGN (0x10) + 0x7ff0)

.got            0x00000000a0000000        0x0
 *(.got.plt)
 *(.got)
                0x00000000a0000000                . = ALIGN (0x4)

.sdata          0x00000000a0000000        0x0
                0x00000000a0000000                _sdata_begin = .
 *(.sdata .sdata.* .gnu.linkonce.s.*)
                0x00000000a0000000                . = ALIGN (0x4)
                0x00000000a0000000                _sdata_end = .

.lit8
 *(.lit8)

.lit4
 *(.lit4)
                0x00000000a0000000                . = ALIGN (0x4)
                0x00000000a0000000                _data_end = .
                0x00000000a0000000                _bss_begin = .

.sbss           0x00000000a0000000       0x44
                0x00000000a0000000                _sbss_begin = .
 *(.dynsbss)
 *(.sbss .sbss.* .gnu.linkonce.sb.*)
 .sbss          0x00000000a0000000       0x14 build/PIC32MX230F064B/production/usb/usb_host.o
 .sbss          0x00000000a0000014        0x8 build/PIC32MX230F064B/production/usb/usb_host_hid.o
 .sbss          0x00000000a000001c        0x4 build/PIC32MX230F064B/production/usb/usb_host_hid_parser.o
                0x00000000a000001c                parsedDataMem
 .sbss          0x00000000a0000020       0x14 build/PIC32MX230F064B/production/usb/usb_host_trans.o
 .sbss          0x00000000a0000034        0x1 build/PIC32MX230F064B/production/timer_1ms.o
 .sbss          0x00000000a0000035        0x3 build/PIC32MX230F064B/production/interrupt.o
 *(.scommon)
 .scommon       0x00000000a0000038        0x2 build/PIC32MX230F064B/production/usb/usb_host.o
                0x00000000a0000038                usbOverrideHostState
 *fill*         0x00000000a000003a        0x2 
 .scommon       0x00000000a000003c        0x4 build/PIC32MX230F064B/production/usb/usb_host_trans.o
                0x00000000a000003c                usbBusInfo
 .scommon       0x00000000a0000040        0x1 build/PIC32MX230F064B/production/main.o
                0x00000000a0000040                led_hira_inv
                0x00000000a0000041                _sbss_end = .
                0x00000000a0000044                . = ALIGN (0x4)
 *fill*         0x00000000a0000041        0x3 

.bss            0x00000000a0000044       0x14
 *(.dynbss)
 *(COMMON)
 COMMON         0x00000000a0000044       0x14 build/PIC32MX230F064B/production/main.o
                0x00000000a0000044                key_onoff_flags
                0x00000000a0000058                . = ALIGN ((. != 0x0)?0x4:0x1)
                0x00000000a0000058                . = ALIGN (0x4)
                0x00000000a0000058                _end = .
                0x00000000a0000058                _bss_end = .
                0x0000000000004000                _bmxdudba_address = LENGTH (kseg1_data_mem)
                0x0000000000004000                _bmxdupba_address = LENGTH (kseg1_data_mem)

/DISCARD/
 *(.pdr)
 *(.rel.dyn)
 *(.note.GNU-stack)
 *(.note.GNU-stack)
 *(.gnu_debuglink)
 *(.gnu.lto_*)
 *(.discard)

.gptab.sdata
 *(.gptab.data)
 *(.gptab.sdata)

.gptab.sbss
 *(.gptab.bss)
 *(.gptab.sbss)

.mdebug.abi32   0x0000000000000000        0x0
 *(.mdebug.abi32)
 .mdebug.abi32  0x0000000000000000        0x0 build/PIC32MX230F064B/production/usb/usb_host.o
 .mdebug.abi32  0x0000000000000000        0x0 build/PIC32MX230F064B/production/usb/usb_host_hid.o
 .mdebug.abi32  0x0000000000000000        0x0 build/PIC32MX230F064B/production/usb/usb_host_hid_parser.o
 .mdebug.abi32  0x0000000000000000        0x0 build/PIC32MX230F064B/production/usb/usb_config.o
 .mdebug.abi32  0x0000000000000000        0x0 build/PIC32MX230F064B/production/usb/usb_host_hub.o
 .mdebug.abi32  0x0000000000000000        0x0 build/PIC32MX230F064B/production/usb/usb_struct_queue.o
 .mdebug.abi32  0x0000000000000000        0x0 build/PIC32MX230F064B/production/usb/usb_struct_config_list.o
 .mdebug.abi32  0x0000000000000000        0x0 build/PIC32MX230F064B/production/usb/usb_struct_interface.o
 .mdebug.abi32  0x0000000000000000        0x0 build/PIC32MX230F064B/production/usb/usb_host_trans.o
 .mdebug.abi32  0x0000000000000000        0x0 build/PIC32MX230F064B/production/usb/usb_common.o
 .mdebug.abi32  0x0000000000000000        0x0 build/PIC32MX230F064B/production/system.o
 .mdebug.abi32  0x0000000000000000        0x0 build/PIC32MX230F064B/production/exceptions.o
 .mdebug.abi32  0x0000000000000000        0x0 build/PIC32MX230F064B/production/app_host_hid_keyboard.o
 .mdebug.abi32  0x0000000000000000        0x0 build/PIC32MX230F064B/production/main.o
 .mdebug.abi32  0x0000000000000000        0x0 build/PIC32MX230F064B/production/timer_1ms.o
 .mdebug.abi32  0x0000000000000000        0x0 build/PIC32MX230F064B/production/uart.o
 .mdebug.abi32  0x0000000000000000        0x0 build/PIC32MX230F064B/production/timer_2.o
 .mdebug.abi32  0x0000000000000000        0x0 build/PIC32MX230F064B/production/interrupt.o
 .mdebug.abi32  0x0000000000000000        0x0 d:/program files/microchip/xc32/v4.21/bin/bin/../../lib/gcc/pic32mx/8.3.1/../../../../pic32mx/lib\libpic32.a(default-bootstrap-exception-handler.o)
 .mdebug.abi32  0x0000000000000000        0x0 d:/program files/microchip/xc32/v4.21/bin/bin/../../lib/gcc/pic32mx/8.3.1/../../../../pic32mx/lib\libpic32.a(default-on-reset.o)
 .mdebug.abi32  0x0000000000000000        0x0 d:/program files/microchip/xc32/v4.21/bin/bin/../../lib/gcc/pic32mx/8.3.1/../../../../pic32mx/lib\libpic32.a(default-on-bootstrap.o)
 .mdebug.abi32  0x0000000000000000        0x0 d:/program files/microchip/xc32/v4.21/bin/bin/../../lib/gcc/pic32mx/8.3.1/../../../../pic32mx/lib\libpic32.a(defaultinterrupt.o)
 .mdebug.abi32  0x0000000000000000        0x0 d:/program files/microchip/xc32/v4.21/bin/bin/../../lib/gcc/pic32mx/8.3.1/../../../../pic32mx/lib\libc-musl.a(malloc.o)
 .mdebug.abi32  0x0000000000000000        0x0 d:/program files/microchip/xc32/v4.21/bin/bin/../../lib/gcc/pic32mx/8.3.1/../../../../pic32mx/lib\libc-musl.a(expand_heap.o)
 .mdebug.abi32  0x0000000000000000        0x0 d:/program files/microchip/xc32/v4.21/bin/bin/../../lib/gcc/pic32mx/8.3.1/../../../../pic32mx/lib\libc-musl.a(memcpy.o)
 .mdebug.abi32  0x0000000000000000        0x0 d:/program files/microchip/xc32/v4.21/bin/bin/../../lib/gcc/pic32mx/8.3.1/../../../../pic32mx/lib\libc-musl.a(libc.o)
 .mdebug.abi32  0x0000000000000000        0x0 d:/program files/microchip/xc32/v4.21/bin/bin/../../lib/gcc/pic32mx/8.3.1\libgcc.a(_lshrdi3.o)
 .mdebug.abi32  0x0000000000000000        0x0 d:/program files/microchip/xc32/v4.21/bin/bin/../../lib/gcc/pic32mx/8.3.1\libgcc.a(_ashldi3.o)
 .mdebug.abi32  0x0000000000000000        0x0 d:/program files/microchip/xc32/v4.21/bin/bin/../../lib/gcc/pic32mx/8.3.1/../../../../pic32mx/lib\libpic32.a(sbrk.o)
 .mdebug.abi32  0x0000000000000000        0x0 d:/program files/microchip/xc32/v4.21/bin/bin/../../lib/gcc/pic32mx/8.3.1/../../../../pic32mx/lib\libpic32.a(errno.o)

.mdebug.abiN32
 *(.mdebug.abiN32)

.mdebug.abi64
 *(.mdebug.abi64)

.mdebug.abiO64
 *(.mdebug.abiO64)

.mdebug.eabi32
 *(.mdebug.eabi32)

.mdebug.eabi64
 *(.mdebug.eabi64)

.gcc_compiled_long32
 *(.gcc_compiled_long32)

.gcc_compiled_long64
 *(.gcc_compiled_long64)

.stab
 *(.stab)

.stabstr
 *(.stabstr)

.stab.excl
 *(.stab.excl)

.stab.exclstr
 *(.stab.exclstr)

.stab.index
 *(.stab.index)

.stab.indexstr
 *(.stab.indexstr)

.comment        0x0000000000000000       0x8e
 *(.comment)
 .comment       0x0000000000000000       0x2b build/PIC32MX230F064B/production/usb/usb_host.o
                                         0x2c (size before relaxing)
 .comment       0x000000000000002b       0x2c build/PIC32MX230F064B/production/usb/usb_host_hid.o
 .comment       0x000000000000002b       0x2c build/PIC32MX230F064B/production/usb/usb_host_hid_parser.o
 .comment       0x000000000000002b       0x2c build/PIC32MX230F064B/production/usb/usb_config.o
 .comment       0x000000000000002b       0x2c build/PIC32MX230F064B/production/usb/usb_host_hub.o
 .comment       0x000000000000002b       0x2c build/PIC32MX230F064B/production/usb/usb_struct_queue.o
 .comment       0x000000000000002b       0x2c build/PIC32MX230F064B/production/usb/usb_struct_config_list.o
 .comment       0x000000000000002b       0x2c build/PIC32MX230F064B/production/usb/usb_struct_interface.o
 .comment       0x000000000000002b       0x2c build/PIC32MX230F064B/production/usb/usb_host_trans.o
 .comment       0x000000000000002b       0x2c build/PIC32MX230F064B/production/usb/usb_common.o
 .comment       0x000000000000002b       0x2c build/PIC32MX230F064B/production/system.o
 .comment       0x000000000000002b       0x2c build/PIC32MX230F064B/production/exceptions.o
 .comment       0x000000000000002b       0x2c build/PIC32MX230F064B/production/app_host_hid_keyboard.o
 .comment       0x000000000000002b       0x2c build/PIC32MX230F064B/production/main.o
 .comment       0x000000000000002b       0x2c build/PIC32MX230F064B/production/timer_1ms.o
 .comment       0x000000000000002b       0x2c build/PIC32MX230F064B/production/uart.o
 .comment       0x000000000000002b       0x2c build/PIC32MX230F064B/production/timer_2.o
 .comment       0x000000000000002b       0x2c build/PIC32MX230F064B/production/interrupt.o
 .comment       0x000000000000002b       0x18 d:/program files/microchip/xc32/v4.21/bin/bin/../../lib/gcc/pic32mx/8.3.1/../../../../pic32mx/lib\libpic32.a(memset.o)
                                         0x19 (size before relaxing)
 .comment       0x0000000000000043       0x2c d:/program files/microchip/xc32/v4.21/bin/bin/../../lib/gcc/pic32mx/8.3.1/../../../../pic32mx/lib\libpic32.a(default-bootstrap-exception-handler.o)
 .comment       0x0000000000000043       0x2c d:/program files/microchip/xc32/v4.21/bin/bin/../../lib/gcc/pic32mx/8.3.1/../../../../pic32mx/lib\libpic32.a(default-on-reset.o)
 .comment       0x0000000000000043       0x2c d:/program files/microchip/xc32/v4.21/bin/bin/../../lib/gcc/pic32mx/8.3.1/../../../../pic32mx/lib\libpic32.a(default-on-bootstrap.o)
 .comment       0x0000000000000043       0x2c d:/program files/microchip/xc32/v4.21/bin/bin/../../lib/gcc/pic32mx/8.3.1/../../../../pic32mx/lib\libpic32.a(defaultinterrupt.o)
 .comment       0x0000000000000043       0x2c d:/program files/microchip/xc32/v4.21/bin/bin/../../lib/gcc/pic32mx/8.3.1/../../../../pic32mx/lib\libc-musl.a(malloc.o)
 .comment       0x0000000000000043       0x2c d:/program files/microchip/xc32/v4.21/bin/bin/../../lib/gcc/pic32mx/8.3.1/../../../../pic32mx/lib\libc-musl.a(expand_heap.o)
 .comment       0x0000000000000043       0x2c d:/program files/microchip/xc32/v4.21/bin/bin/../../lib/gcc/pic32mx/8.3.1/../../../../pic32mx/lib\libc-musl.a(memcpy.o)
 .comment       0x0000000000000043       0x2c d:/program files/microchip/xc32/v4.21/bin/bin/../../lib/gcc/pic32mx/8.3.1/../../../../pic32mx/lib\libc-musl.a(libc.o)
 .comment       0x0000000000000043       0x2c d:/program files/microchip/xc32/v4.21/bin/bin/../../lib/gcc/pic32mx/8.3.1\libgcc.a(_lshrdi3.o)
 .comment       0x0000000000000043       0x2c d:/program files/microchip/xc32/v4.21/bin/bin/../../lib/gcc/pic32mx/8.3.1\libgcc.a(_ashldi3.o)
 .comment       0x0000000000000043       0x4b d:/program files/microchip/xc32/v4.21/bin/bin/../../lib/gcc/pic32mx/8.3.1/../../../../pic32mx/lib\libpic32.a(sbrk.o)
                                         0x77 (size before relaxing)
 .comment       0x000000000000008e       0x2c d:/program files/microchip/xc32/v4.21/bin/bin/../../lib/gcc/pic32mx/8.3.1/../../../../pic32mx/lib\libpic32.a(errno.o)

.debug
 *.elf(.debug)
 *(.debug)

.line
 *.elf(.line)
 *(.line)

.debug_srcinfo
 *.elf(.debug_srcinfo)
 *(.debug_srcinfo)

.debug_sfnames
 *.elf(.debug_sfnames)
 *(.debug_sfnames)

.debug_aranges  0x0000000000000000      0x3e0
 *.elf(.debug_aranges)
 *(.debug_aranges)
 .debug_aranges
                0x0000000000000000       0x20 build/PIC32MX230F064B/production/usb/usb_host.o
 .debug_aranges
                0x0000000000000020       0x20 build/PIC32MX230F064B/production/usb/usb_host_hid.o
 .debug_aranges
                0x0000000000000040       0x20 build/PIC32MX230F064B/production/usb/usb_host_hid_parser.o
 .debug_aranges
                0x0000000000000060       0x18 build/PIC32MX230F064B/production/usb/usb_config.o
 .debug_aranges
                0x0000000000000078       0x20 build/PIC32MX230F064B/production/usb/usb_host_hub.o
 .debug_aranges
                0x0000000000000098       0x20 build/PIC32MX230F064B/production/usb/usb_struct_queue.o
 .debug_aranges
                0x00000000000000b8       0x20 build/PIC32MX230F064B/production/usb/usb_struct_config_list.o
 .debug_aranges
                0x00000000000000d8       0x20 build/PIC32MX230F064B/production/usb/usb_struct_interface.o
 .debug_aranges
                0x00000000000000f8       0x20 build/PIC32MX230F064B/production/usb/usb_host_trans.o
 .debug_aranges
                0x0000000000000118       0x18 build/PIC32MX230F064B/production/usb/usb_common.o
 .debug_aranges
                0x0000000000000130       0x18 build/PIC32MX230F064B/production/system.o
 .debug_aranges
                0x0000000000000148       0x20 build/PIC32MX230F064B/production/exceptions.o
 .debug_aranges
                0x0000000000000168       0x20 build/PIC32MX230F064B/production/app_host_hid_keyboard.o
 .debug_aranges
                0x0000000000000188       0x20 build/PIC32MX230F064B/production/main.o
 .debug_aranges
                0x00000000000001a8       0x20 build/PIC32MX230F064B/production/timer_1ms.o
 .debug_aranges
                0x00000000000001c8       0x18 build/PIC32MX230F064B/production/uart.o
 .debug_aranges
                0x00000000000001e0       0x18 build/PIC32MX230F064B/production/timer_2.o
 .debug_aranges
                0x00000000000001f8       0x20 build/PIC32MX230F064B/production/interrupt.o
 .debug_aranges
                0x0000000000000218       0x20 d:/program files/microchip/xc32/v4.21/bin/bin/../../lib/gcc/pic32mx/8.3.1/../../../../pic32mx/lib\libpic32.a(default-bootstrap-exception-handler.o)
 .debug_aranges
                0x0000000000000238       0x20 d:/program files/microchip/xc32/v4.21/bin/bin/../../lib/gcc/pic32mx/8.3.1/../../../../pic32mx/lib\libpic32.a(default-on-reset.o)
 .debug_aranges
                0x0000000000000258       0x20 d:/program files/microchip/xc32/v4.21/bin/bin/../../lib/gcc/pic32mx/8.3.1/../../../../pic32mx/lib\libpic32.a(default-on-bootstrap.o)
 .debug_aranges
                0x0000000000000278       0x20 d:/program files/microchip/xc32/v4.21/bin/bin/../../lib/gcc/pic32mx/8.3.1/../../../../pic32mx/lib\libpic32.a(defaultinterrupt.o)
 .debug_aranges
                0x0000000000000298       0x70 d:/program files/microchip/xc32/v4.21/bin/bin/../../lib/gcc/pic32mx/8.3.1/../../../../pic32mx/lib\libc-musl.a(malloc.o)
 .debug_aranges
                0x0000000000000308       0x20 d:/program files/microchip/xc32/v4.21/bin/bin/../../lib/gcc/pic32mx/8.3.1/../../../../pic32mx/lib\libc-musl.a(expand_heap.o)
 .debug_aranges
                0x0000000000000328       0x20 d:/program files/microchip/xc32/v4.21/bin/bin/../../lib/gcc/pic32mx/8.3.1/../../../../pic32mx/lib\libc-musl.a(memcpy.o)
 .debug_aranges
                0x0000000000000348       0x18 d:/program files/microchip/xc32/v4.21/bin/bin/../../lib/gcc/pic32mx/8.3.1/../../../../pic32mx/lib\libc-musl.a(libc.o)
 .debug_aranges
                0x0000000000000360       0x20 d:/program files/microchip/xc32/v4.21/bin/bin/../../lib/gcc/pic32mx/8.3.1\libgcc.a(_lshrdi3.o)
 .debug_aranges
                0x0000000000000380       0x20 d:/program files/microchip/xc32/v4.21/bin/bin/../../lib/gcc/pic32mx/8.3.1\libgcc.a(_ashldi3.o)
 .debug_aranges
                0x00000000000003a0       0x40 d:/program files/microchip/xc32/v4.21/bin/bin/../../lib/gcc/pic32mx/8.3.1/../../../../pic32mx/lib\libpic32.a(sbrk.o)

.debug_pubnames
 *.elf(.debug_pubnames)
 *(.debug_pubnames)

.debug_info     0x0000000000000000    0x116aa
 *.elf(.debug_info .gnu.linkonce.wi.*)
 *(.debug_info .gnu.linkonce.wi.*)
 .debug_info    0x0000000000000000     0x35fb build/PIC32MX230F064B/production/usb/usb_host.o
 .debug_info    0x00000000000035fb     0x2624 build/PIC32MX230F064B/production/usb/usb_host_hid.o
 .debug_info    0x0000000000005c1f      0xead build/PIC32MX230F064B/production/usb/usb_host_hid_parser.o
 .debug_info    0x0000000000006acc      0x42e build/PIC32MX230F064B/production/usb/usb_config.o
 .debug_info    0x0000000000006efa     0x1c3c build/PIC32MX230F064B/production/usb/usb_host_hub.o
 .debug_info    0x0000000000008b36     0x127c build/PIC32MX230F064B/production/usb/usb_struct_queue.o
 .debug_info    0x0000000000009db2      0x345 build/PIC32MX230F064B/production/usb/usb_struct_config_list.o
 .debug_info    0x000000000000a0f7      0xb06 build/PIC32MX230F064B/production/usb/usb_struct_interface.o
 .debug_info    0x000000000000abfd     0x2239 build/PIC32MX230F064B/production/usb/usb_host_trans.o
 .debug_info    0x000000000000ce36       0x72 build/PIC32MX230F064B/production/usb/usb_common.o
 .debug_info    0x000000000000cea8       0x6b build/PIC32MX230F064B/production/system.o
 .debug_info    0x000000000000cf13      0x11b build/PIC32MX230F064B/production/exceptions.o
 .debug_info    0x000000000000d02e     0x152a build/PIC32MX230F064B/production/app_host_hid_keyboard.o
 .debug_info    0x000000000000e558      0x4e9 build/PIC32MX230F064B/production/main.o
 .debug_info    0x000000000000ea41      0x654 build/PIC32MX230F064B/production/timer_1ms.o
 .debug_info    0x000000000000f095       0x6b build/PIC32MX230F064B/production/uart.o
 .debug_info    0x000000000000f100       0x6b build/PIC32MX230F064B/production/timer_2.o
 .debug_info    0x000000000000f16b      0xbfc build/PIC32MX230F064B/production/interrupt.o
 .debug_info    0x000000000000fd67       0x41 d:/program files/microchip/xc32/v4.21/bin/bin/../../lib/gcc/pic32mx/8.3.1/../../../../pic32mx/lib\libpic32.a(default-bootstrap-exception-handler.o)
 .debug_info    0x000000000000fda8       0x3f d:/program files/microchip/xc32/v4.21/bin/bin/../../lib/gcc/pic32mx/8.3.1/../../../../pic32mx/lib\libpic32.a(default-on-reset.o)
 .debug_info    0x000000000000fde7       0x3f d:/program files/microchip/xc32/v4.21/bin/bin/../../lib/gcc/pic32mx/8.3.1/../../../../pic32mx/lib\libpic32.a(default-on-bootstrap.o)
 .debug_info    0x000000000000fe26       0x40 d:/program files/microchip/xc32/v4.21/bin/bin/../../lib/gcc/pic32mx/8.3.1/../../../../pic32mx/lib\libpic32.a(defaultinterrupt.o)
 .debug_info    0x000000000000fe66      0xfed d:/program files/microchip/xc32/v4.21/bin/bin/../../lib/gcc/pic32mx/8.3.1/../../../../pic32mx/lib\libc-musl.a(malloc.o)
 .debug_info    0x0000000000010e53      0x105 d:/program files/microchip/xc32/v4.21/bin/bin/../../lib/gcc/pic32mx/8.3.1/../../../../pic32mx/lib\libc-musl.a(expand_heap.o)
 .debug_info    0x0000000000010f58       0xf1 d:/program files/microchip/xc32/v4.21/bin/bin/../../lib/gcc/pic32mx/8.3.1/../../../../pic32mx/lib\libc-musl.a(memcpy.o)
 .debug_info    0x0000000000011049      0x276 d:/program files/microchip/xc32/v4.21/bin/bin/../../lib/gcc/pic32mx/8.3.1/../../../../pic32mx/lib\libc-musl.a(libc.o)
 .debug_info    0x00000000000112bf      0x1aa d:/program files/microchip/xc32/v4.21/bin/bin/../../lib/gcc/pic32mx/8.3.1\libgcc.a(_lshrdi3.o)
 .debug_info    0x0000000000011469      0x1aa d:/program files/microchip/xc32/v4.21/bin/bin/../../lib/gcc/pic32mx/8.3.1\libgcc.a(_ashldi3.o)
 .debug_info    0x0000000000011613       0x97 d:/program files/microchip/xc32/v4.21/bin/bin/../../lib/gcc/pic32mx/8.3.1/../../../../pic32mx/lib\libpic32.a(sbrk.o)

.debug_abbrev   0x0000000000000000     0x3191
 *.elf(.debug_abbrev)
 *(.debug_abbrev)
 .debug_abbrev  0x0000000000000000      0x5c6 build/PIC32MX230F064B/production/usb/usb_host.o
 .debug_abbrev  0x00000000000005c6      0x420 build/PIC32MX230F064B/production/usb/usb_host_hid.o
 .debug_abbrev  0x00000000000009e6      0x36d build/PIC32MX230F064B/production/usb/usb_host_hid_parser.o
 .debug_abbrev  0x0000000000000d53      0x153 build/PIC32MX230F064B/production/usb/usb_config.o
 .debug_abbrev  0x0000000000000ea6      0x484 build/PIC32MX230F064B/production/usb/usb_host_hub.o
 .debug_abbrev  0x000000000000132a      0x2d1 build/PIC32MX230F064B/production/usb/usb_struct_queue.o
 .debug_abbrev  0x00000000000015fb      0x171 build/PIC32MX230F064B/production/usb/usb_struct_config_list.o
 .debug_abbrev  0x000000000000176c      0x258 build/PIC32MX230F064B/production/usb/usb_struct_interface.o
 .debug_abbrev  0x00000000000019c4      0x456 build/PIC32MX230F064B/production/usb/usb_host_trans.o
 .debug_abbrev  0x0000000000001e1a       0x26 build/PIC32MX230F064B/production/usb/usb_common.o
 .debug_abbrev  0x0000000000001e40       0x26 build/PIC32MX230F064B/production/system.o
 .debug_abbrev  0x0000000000001e66       0x7e build/PIC32MX230F064B/production/exceptions.o
 .debug_abbrev  0x0000000000001ee4      0x2fc build/PIC32MX230F064B/production/app_host_hid_keyboard.o
 .debug_abbrev  0x00000000000021e0      0x1c4 build/PIC32MX230F064B/production/main.o
 .debug_abbrev  0x00000000000023a4      0x1f7 build/PIC32MX230F064B/production/timer_1ms.o
 .debug_abbrev  0x000000000000259b       0x26 build/PIC32MX230F064B/production/uart.o
 .debug_abbrev  0x00000000000025c1       0x26 build/PIC32MX230F064B/production/timer_2.o
 .debug_abbrev  0x00000000000025e7      0x1bf build/PIC32MX230F064B/production/interrupt.o
 .debug_abbrev  0x00000000000027a6       0x31 d:/program files/microchip/xc32/v4.21/bin/bin/../../lib/gcc/pic32mx/8.3.1/../../../../pic32mx/lib\libpic32.a(default-bootstrap-exception-handler.o)
 .debug_abbrev  0x00000000000027d7       0x2e d:/program files/microchip/xc32/v4.21/bin/bin/../../lib/gcc/pic32mx/8.3.1/../../../../pic32mx/lib\libpic32.a(default-on-reset.o)
 .debug_abbrev  0x0000000000002805       0x2e d:/program files/microchip/xc32/v4.21/bin/bin/../../lib/gcc/pic32mx/8.3.1/../../../../pic32mx/lib\libpic32.a(default-on-bootstrap.o)
 .debug_abbrev  0x0000000000002833       0x31 d:/program files/microchip/xc32/v4.21/bin/bin/../../lib/gcc/pic32mx/8.3.1/../../../../pic32mx/lib\libpic32.a(defaultinterrupt.o)
 .debug_abbrev  0x0000000000002864      0x43a d:/program files/microchip/xc32/v4.21/bin/bin/../../lib/gcc/pic32mx/8.3.1/../../../../pic32mx/lib\libc-musl.a(malloc.o)
 .debug_abbrev  0x0000000000002c9e       0xc4 d:/program files/microchip/xc32/v4.21/bin/bin/../../lib/gcc/pic32mx/8.3.1/../../../../pic32mx/lib\libc-musl.a(expand_heap.o)
 .debug_abbrev  0x0000000000002d62       0xbb d:/program files/microchip/xc32/v4.21/bin/bin/../../lib/gcc/pic32mx/8.3.1/../../../../pic32mx/lib\libc-musl.a(memcpy.o)
 .debug_abbrev  0x0000000000002e1d       0xd4 d:/program files/microchip/xc32/v4.21/bin/bin/../../lib/gcc/pic32mx/8.3.1/../../../../pic32mx/lib\libc-musl.a(libc.o)
 .debug_abbrev  0x0000000000002ef1      0x121 d:/program files/microchip/xc32/v4.21/bin/bin/../../lib/gcc/pic32mx/8.3.1\libgcc.a(_lshrdi3.o)
 .debug_abbrev  0x0000000000003012      0x121 d:/program files/microchip/xc32/v4.21/bin/bin/../../lib/gcc/pic32mx/8.3.1\libgcc.a(_ashldi3.o)
 .debug_abbrev  0x0000000000003133       0x5e d:/program files/microchip/xc32/v4.21/bin/bin/../../lib/gcc/pic32mx/8.3.1/../../../../pic32mx/lib\libpic32.a(sbrk.o)

.debug_line     0x0000000000000000     0x7ddf
 *.elf(.debug_line)
 *(.debug_line)
 .debug_line    0x0000000000000000     0x19cd build/PIC32MX230F064B/production/usb/usb_host.o
 .debug_line    0x00000000000019cd      0xcb7 build/PIC32MX230F064B/production/usb/usb_host_hid.o
 .debug_line    0x0000000000002684      0xef9 build/PIC32MX230F064B/production/usb/usb_host_hid_parser.o
 .debug_line    0x000000000000357d       0xce build/PIC32MX230F064B/production/usb/usb_config.o
 .debug_line    0x000000000000364b      0xb60 build/PIC32MX230F064B/production/usb/usb_host_hub.o
 .debug_line    0x00000000000041ab      0x3b3 build/PIC32MX230F064B/production/usb/usb_struct_queue.o
 .debug_line    0x000000000000455e      0x205 build/PIC32MX230F064B/production/usb/usb_struct_config_list.o
 .debug_line    0x0000000000004763      0x462 build/PIC32MX230F064B/production/usb/usb_struct_interface.o
 .debug_line    0x0000000000004bc5      0xe12 build/PIC32MX230F064B/production/usb/usb_host_trans.o
 .debug_line    0x00000000000059d7       0x1d build/PIC32MX230F064B/production/usb/usb_common.o
 .debug_line    0x00000000000059f4       0x1d build/PIC32MX230F064B/production/system.o
 .debug_line    0x0000000000005a11       0x90 build/PIC32MX230F064B/production/exceptions.o
 .debug_line    0x0000000000005aa1      0x5b5 build/PIC32MX230F064B/production/app_host_hid_keyboard.o
 .debug_line    0x0000000000006056      0x28e build/PIC32MX230F064B/production/main.o
 .debug_line    0x00000000000062e4      0x270 build/PIC32MX230F064B/production/timer_1ms.o
 .debug_line    0x0000000000006554       0x1d build/PIC32MX230F064B/production/uart.o
 .debug_line    0x0000000000006571       0x1d build/PIC32MX230F064B/production/timer_2.o
 .debug_line    0x000000000000658e      0x327 build/PIC32MX230F064B/production/interrupt.o
 .debug_line    0x00000000000068b5       0xca d:/program files/microchip/xc32/v4.21/bin/bin/../../lib/gcc/pic32mx/8.3.1/../../../../pic32mx/lib\libpic32.a(default-bootstrap-exception-handler.o)
 .debug_line    0x000000000000697f       0xa6 d:/program files/microchip/xc32/v4.21/bin/bin/../../lib/gcc/pic32mx/8.3.1/../../../../pic32mx/lib\libpic32.a(default-on-reset.o)
 .debug_line    0x0000000000006a25       0xaa d:/program files/microchip/xc32/v4.21/bin/bin/../../lib/gcc/pic32mx/8.3.1/../../../../pic32mx/lib\libpic32.a(default-on-bootstrap.o)
 .debug_line    0x0000000000006acf       0xc9 d:/program files/microchip/xc32/v4.21/bin/bin/../../lib/gcc/pic32mx/8.3.1/../../../../pic32mx/lib\libpic32.a(defaultinterrupt.o)
 .debug_line    0x0000000000006b98      0xb43 d:/program files/microchip/xc32/v4.21/bin/bin/../../lib/gcc/pic32mx/8.3.1/../../../../pic32mx/lib\libc-musl.a(malloc.o)
 .debug_line    0x00000000000076db      0x145 d:/program files/microchip/xc32/v4.21/bin/bin/../../lib/gcc/pic32mx/8.3.1/../../../../pic32mx/lib\libc-musl.a(expand_heap.o)
 .debug_line    0x0000000000007820      0x13a d:/program files/microchip/xc32/v4.21/bin/bin/../../lib/gcc/pic32mx/8.3.1/../../../../pic32mx/lib\libc-musl.a(memcpy.o)
 .debug_line    0x000000000000795a      0x10c d:/program files/microchip/xc32/v4.21/bin/bin/../../lib/gcc/pic32mx/8.3.1/../../../../pic32mx/lib\libc-musl.a(libc.o)
 .debug_line    0x0000000000007a66       0xe4 d:/program files/microchip/xc32/v4.21/bin/bin/../../lib/gcc/pic32mx/8.3.1\libgcc.a(_lshrdi3.o)
 .debug_line    0x0000000000007b4a       0xe5 d:/program files/microchip/xc32/v4.21/bin/bin/../../lib/gcc/pic32mx/8.3.1\libgcc.a(_ashldi3.o)
 .debug_line    0x0000000000007c2f      0x1b0 d:/program files/microchip/xc32/v4.21/bin/bin/../../lib/gcc/pic32mx/8.3.1/../../../../pic32mx/lib\libpic32.a(sbrk.o)
 .debug_line    0x0000000000007ddf        0x0 d:/program files/microchip/xc32/v4.21/bin/bin/../../lib/gcc/pic32mx/8.3.1/../../../../pic32mx/lib\libpic32.a(errno.o)

.debug_frame    0x0000000000000000     0x104c
 *.elf(.debug_frame)
 *(.debug_frame)
 .debug_frame   0x0000000000000000      0x3e8 build/PIC32MX230F064B/production/usb/usb_host.o
 .debug_frame   0x00000000000003e8      0x1d0 build/PIC32MX230F064B/production/usb/usb_host_hid.o
 .debug_frame   0x00000000000005b8       0x80 build/PIC32MX230F064B/production/usb/usb_host_hid_parser.o
 .debug_frame   0x0000000000000638       0xac build/PIC32MX230F064B/production/usb/usb_host_hub.o
 .debug_frame   0x00000000000006e4       0xf0 build/PIC32MX230F064B/production/usb/usb_struct_queue.o
 .debug_frame   0x00000000000007d4       0x74 build/PIC32MX230F064B/production/usb/usb_struct_config_list.o
 .debug_frame   0x0000000000000848       0xc0 build/PIC32MX230F064B/production/usb/usb_struct_interface.o
 .debug_frame   0x0000000000000908      0x13c build/PIC32MX230F064B/production/usb/usb_host_trans.o
 .debug_frame   0x0000000000000a44       0x28 build/PIC32MX230F064B/production/exceptions.o
 .debug_frame   0x0000000000000a6c       0xa4 build/PIC32MX230F064B/production/app_host_hid_keyboard.o
 .debug_frame   0x0000000000000b10       0x4c build/PIC32MX230F064B/production/main.o
 .debug_frame   0x0000000000000b5c       0xac build/PIC32MX230F064B/production/timer_1ms.o
 .debug_frame   0x0000000000000c08      0x128 build/PIC32MX230F064B/production/interrupt.o
 .debug_frame   0x0000000000000d30       0x2c d:/program files/microchip/xc32/v4.21/bin/bin/../../lib/gcc/pic32mx/8.3.1/../../../../pic32mx/lib\libpic32.a(default-bootstrap-exception-handler.o)
 .debug_frame   0x0000000000000d5c       0x20 d:/program files/microchip/xc32/v4.21/bin/bin/../../lib/gcc/pic32mx/8.3.1/../../../../pic32mx/lib\libpic32.a(default-on-reset.o)
 .debug_frame   0x0000000000000d7c       0x20 d:/program files/microchip/xc32/v4.21/bin/bin/../../lib/gcc/pic32mx/8.3.1/../../../../pic32mx/lib\libpic32.a(default-on-bootstrap.o)
 .debug_frame   0x0000000000000d9c       0x20 d:/program files/microchip/xc32/v4.21/bin/bin/../../lib/gcc/pic32mx/8.3.1/../../../../pic32mx/lib\libpic32.a(defaultinterrupt.o)
 .debug_frame   0x0000000000000dbc      0x168 d:/program files/microchip/xc32/v4.21/bin/bin/../../lib/gcc/pic32mx/8.3.1/../../../../pic32mx/lib\libc-musl.a(malloc.o)
 .debug_frame   0x0000000000000f24       0x2c d:/program files/microchip/xc32/v4.21/bin/bin/../../lib/gcc/pic32mx/8.3.1/../../../../pic32mx/lib\libc-musl.a(expand_heap.o)
 .debug_frame   0x0000000000000f50       0x20 d:/program files/microchip/xc32/v4.21/bin/bin/../../lib/gcc/pic32mx/8.3.1/../../../../pic32mx/lib\libc-musl.a(memcpy.o)
 .debug_frame   0x0000000000000f70       0x20 d:/program files/microchip/xc32/v4.21/bin/bin/../../lib/gcc/pic32mx/8.3.1\libgcc.a(_lshrdi3.o)
 .debug_frame   0x0000000000000f90       0x20 d:/program files/microchip/xc32/v4.21/bin/bin/../../lib/gcc/pic32mx/8.3.1\libgcc.a(_ashldi3.o)
 .debug_frame   0x0000000000000fb0       0x9c d:/program files/microchip/xc32/v4.21/bin/bin/../../lib/gcc/pic32mx/8.3.1/../../../../pic32mx/lib\libpic32.a(sbrk.o)

.debug_str      0x0000000000000000    0x10fb0
 *.elf(.debug_str)
 *(.debug_str)
 .debug_str     0x0000000000000000     0x1dba build/PIC32MX230F064B/production/usb/usb_host.o
 .debug_str     0x0000000000001dba     0x1bb6 build/PIC32MX230F064B/production/usb/usb_host_hid.o
 .debug_str     0x0000000000003970      0xc8c build/PIC32MX230F064B/production/usb/usb_host_hid_parser.o
 .debug_str     0x00000000000045fc      0x6e8 build/PIC32MX230F064B/production/usb/usb_config.o
 .debug_str     0x0000000000004ce4     0x1584 build/PIC32MX230F064B/production/usb/usb_host_hub.o
 .debug_str     0x0000000000006268      0xec1 build/PIC32MX230F064B/production/usb/usb_struct_queue.o
 .debug_str     0x0000000000007129      0x457 build/PIC32MX230F064B/production/usb/usb_struct_config_list.o
 .debug_str     0x0000000000007580      0x7dc build/PIC32MX230F064B/production/usb/usb_struct_interface.o
 .debug_str     0x0000000000007d5c     0x1155 build/PIC32MX230F064B/production/usb/usb_host_trans.o
 .debug_str     0x0000000000008eb1      0x28f build/PIC32MX230F064B/production/usb/usb_common.o
 .debug_str     0x0000000000009140      0x281 build/PIC32MX230F064B/production/system.o
 .debug_str     0x00000000000093c1      0x358 build/PIC32MX230F064B/production/exceptions.o
 .debug_str     0x0000000000009719     0x357e build/PIC32MX230F064B/production/app_host_hid_keyboard.o
 .debug_str     0x000000000000cc97      0x722 build/PIC32MX230F064B/production/main.o
 .debug_str     0x000000000000d3b9      0x4d8 build/PIC32MX230F064B/production/timer_1ms.o
 .debug_str     0x000000000000d891      0x27f build/PIC32MX230F064B/production/uart.o
 .debug_str     0x000000000000db10      0x282 build/PIC32MX230F064B/production/timer_2.o
 .debug_str     0x000000000000dd92      0x686 build/PIC32MX230F064B/production/interrupt.o
 .debug_str     0x000000000000e418      0x373 d:/program files/microchip/xc32/v4.21/bin/bin/../../lib/gcc/pic32mx/8.3.1/../../../../pic32mx/lib\libpic32.a(default-bootstrap-exception-handler.o)
 .debug_str     0x000000000000e78b      0x34d d:/program files/microchip/xc32/v4.21/bin/bin/../../lib/gcc/pic32mx/8.3.1/../../../../pic32mx/lib\libpic32.a(default-on-reset.o)
 .debug_str     0x000000000000ead8      0x355 d:/program files/microchip/xc32/v4.21/bin/bin/../../lib/gcc/pic32mx/8.3.1/../../../../pic32mx/lib\libpic32.a(default-on-bootstrap.o)
 .debug_str     0x000000000000ee2d      0x367 d:/program files/microchip/xc32/v4.21/bin/bin/../../lib/gcc/pic32mx/8.3.1/../../../../pic32mx/lib\libpic32.a(defaultinterrupt.o)
 .debug_str     0x000000000000f194      0x592 d:/program files/microchip/xc32/v4.21/bin/bin/../../lib/gcc/pic32mx/8.3.1/../../../../pic32mx/lib\libc-musl.a(malloc.o)
 .debug_str     0x000000000000f726      0x391 d:/program files/microchip/xc32/v4.21/bin/bin/../../lib/gcc/pic32mx/8.3.1/../../../../pic32mx/lib\libc-musl.a(expand_heap.o)
 .debug_str     0x000000000000fab7      0x31f d:/program files/microchip/xc32/v4.21/bin/bin/../../lib/gcc/pic32mx/8.3.1/../../../../pic32mx/lib\libc-musl.a(memcpy.o)
 .debug_str     0x000000000000fdd6      0x433 d:/program files/microchip/xc32/v4.21/bin/bin/../../lib/gcc/pic32mx/8.3.1/../../../../pic32mx/lib\libc-musl.a(libc.o)
 .debug_str     0x0000000000010209      0x381 d:/program files/microchip/xc32/v4.21/bin/bin/../../lib/gcc/pic32mx/8.3.1\libgcc.a(_lshrdi3.o)
 .debug_str     0x000000000001058a      0x381 d:/program files/microchip/xc32/v4.21/bin/bin/../../lib/gcc/pic32mx/8.3.1\libgcc.a(_ashldi3.o)
 .debug_str     0x000000000001090b      0x36d d:/program files/microchip/xc32/v4.21/bin/bin/../../lib/gcc/pic32mx/8.3.1/../../../../pic32mx/lib\libpic32.a(sbrk.o)
 .debug_str     0x0000000000010c78      0x338 d:/program files/microchip/xc32/v4.21/bin/bin/../../lib/gcc/pic32mx/8.3.1/../../../../pic32mx/lib\libpic32.a(errno.o)

.debug_loc      0x0000000000000000     0x6522
 *.elf(.debug_loc)
 *(.debug_loc)
 .debug_loc     0x0000000000000000     0x148e build/PIC32MX230F064B/production/usb/usb_host.o
 .debug_loc     0x000000000000148e     0x13a4 build/PIC32MX230F064B/production/usb/usb_host_hid.o
 .debug_loc     0x0000000000002832      0xbc4 build/PIC32MX230F064B/production/usb/usb_host_hid_parser.o
 .debug_loc     0x00000000000033f6      0xb53 build/PIC32MX230F064B/production/usb/usb_host_hub.o
 .debug_loc     0x0000000000003f49      0x348 build/PIC32MX230F064B/production/usb/usb_struct_queue.o
 .debug_loc     0x0000000000004291      0x143 build/PIC32MX230F064B/production/usb/usb_struct_config_list.o
 .debug_loc     0x00000000000043d4      0x2bc build/PIC32MX230F064B/production/usb/usb_struct_interface.o
 .debug_loc     0x0000000000004690      0xa3d build/PIC32MX230F064B/production/usb/usb_host_trans.o
 .debug_loc     0x00000000000050cd      0x326 build/PIC32MX230F064B/production/app_host_hid_keyboard.o
 .debug_loc     0x00000000000053f3       0xe7 build/PIC32MX230F064B/production/main.o
 .debug_loc     0x00000000000054da       0xac build/PIC32MX230F064B/production/timer_1ms.o
 .debug_loc     0x0000000000005586       0xbc build/PIC32MX230F064B/production/interrupt.o
 .debug_loc     0x0000000000005642       0x2c d:/program files/microchip/xc32/v4.21/bin/bin/../../lib/gcc/pic32mx/8.3.1/../../../../pic32mx/lib\libpic32.a(default-bootstrap-exception-handler.o)
 .debug_loc     0x000000000000566e      0xbd3 d:/program files/microchip/xc32/v4.21/bin/bin/../../lib/gcc/pic32mx/8.3.1/../../../../pic32mx/lib\libc-musl.a(malloc.o)
 .debug_loc     0x0000000000006241       0x4f d:/program files/microchip/xc32/v4.21/bin/bin/../../lib/gcc/pic32mx/8.3.1/../../../../pic32mx/lib\libc-musl.a(expand_heap.o)
 .debug_loc     0x0000000000006290      0x118 d:/program files/microchip/xc32/v4.21/bin/bin/../../lib/gcc/pic32mx/8.3.1/../../../../pic32mx/lib\libc-musl.a(memcpy.o)
 .debug_loc     0x00000000000063a8       0x99 d:/program files/microchip/xc32/v4.21/bin/bin/../../lib/gcc/pic32mx/8.3.1\libgcc.a(_lshrdi3.o)
 .debug_loc     0x0000000000006441       0x75 d:/program files/microchip/xc32/v4.21/bin/bin/../../lib/gcc/pic32mx/8.3.1\libgcc.a(_ashldi3.o)
 .debug_loc     0x00000000000064b6       0x6c d:/program files/microchip/xc32/v4.21/bin/bin/../../lib/gcc/pic32mx/8.3.1/../../../../pic32mx/lib\libpic32.a(sbrk.o)

.debug_macinfo
 *.elf(.debug_macinfo)
 *(.debug_macinfo)

.debug_weaknames
 *.elf(.debug_weaknames)
 *(.debug_weaknames)

.debug_funcnames
 *.elf(.debug_funcnames)
 *(.debug_funcnames)

.debug_typenames
 *.elf(.debug_typenames)
 *(.debug_typenames)

.debug_varnames
 *.elf(.debug_varnames)
 *(.debug_varnames)

.debug_pubtypes
 *.elf(.debug_pubtypes)
 *(.debug_pubtypes)

.debug_ranges   0x0000000000000000      0x960
 *.elf(.debug_ranges)
 *(.debug_ranges)
 .debug_ranges  0x0000000000000000      0x1c8 build/PIC32MX230F064B/production/usb/usb_host.o
 .debug_ranges  0x00000000000001c8      0x110 build/PIC32MX230F064B/production/usb/usb_host_hid.o
 .debug_ranges  0x00000000000002d8       0x30 build/PIC32MX230F064B/production/usb/usb_host_hid_parser.o
 .debug_ranges  0x0000000000000308      0x1f8 build/PIC32MX230F064B/production/usb/usb_host_hub.o
 .debug_ranges  0x0000000000000500       0x30 build/PIC32MX230F064B/production/usb/usb_struct_queue.o
 .debug_ranges  0x0000000000000530       0x18 build/PIC32MX230F064B/production/usb/usb_struct_interface.o
 .debug_ranges  0x0000000000000548      0x1a0 build/PIC32MX230F064B/production/usb/usb_host_trans.o
 .debug_ranges  0x00000000000006e8       0x10 d:/program files/microchip/xc32/v4.21/bin/bin/../../lib/gcc/pic32mx/8.3.1/../../../../pic32mx/lib\libpic32.a(default-bootstrap-exception-handler.o)
 .debug_ranges  0x00000000000006f8       0x10 d:/program files/microchip/xc32/v4.21/bin/bin/../../lib/gcc/pic32mx/8.3.1/../../../../pic32mx/lib\libpic32.a(default-on-reset.o)
 .debug_ranges  0x0000000000000708       0x10 d:/program files/microchip/xc32/v4.21/bin/bin/../../lib/gcc/pic32mx/8.3.1/../../../../pic32mx/lib\libpic32.a(default-on-bootstrap.o)
 .debug_ranges  0x0000000000000718       0x10 d:/program files/microchip/xc32/v4.21/bin/bin/../../lib/gcc/pic32mx/8.3.1/../../../../pic32mx/lib\libpic32.a(defaultinterrupt.o)
 .debug_ranges  0x0000000000000728      0x1e8 d:/program files/microchip/xc32/v4.21/bin/bin/../../lib/gcc/pic32mx/8.3.1/../../../../pic32mx/lib\libc-musl.a(malloc.o)
 .debug_ranges  0x0000000000000910       0x10 d:/program files/microchip/xc32/v4.21/bin/bin/../../lib/gcc/pic32mx/8.3.1/../../../../pic32mx/lib\libc-musl.a(expand_heap.o)
 .debug_ranges  0x0000000000000920       0x10 d:/program files/microchip/xc32/v4.21/bin/bin/../../lib/gcc/pic32mx/8.3.1/../../../../pic32mx/lib\libc-musl.a(memcpy.o)
 .debug_ranges  0x0000000000000930       0x30 d:/program files/microchip/xc32/v4.21/bin/bin/../../lib/gcc/pic32mx/8.3.1/../../../../pic32mx/lib\libpic32.a(sbrk.o)

.gnu.attributes
                0x0000000000000000       0x10
 *(.gnu.attributes)
 .gnu.attributes
                0x0000000000000000       0x10 d:/program files/microchip/xc32/v4.21/bin/bin/../../lib/gcc/pic32mx/8.3.1/../../../../pic32mx/lib\debug-exception-return.o
 .gnu.attributes
                0x0000000000000010       0x10 build/PIC32MX230F064B/production/usb/usb_host.o
 .gnu.attributes
                0x0000000000000020       0x10 build/PIC32MX230F064B/production/usb/usb_host_hid.o
 .gnu.attributes
                0x0000000000000030       0x10 build/PIC32MX230F064B/production/usb/usb_host_hid_parser.o
 .gnu.attributes
                0x0000000000000040       0x10 build/PIC32MX230F064B/production/usb/usb_config.o
 .gnu.attributes
                0x0000000000000050       0x10 build/PIC32MX230F064B/production/usb/usb_host_hub.o
 .gnu.attributes
                0x0000000000000060       0x10 build/PIC32MX230F064B/production/usb/usb_struct_queue.o
 .gnu.attributes
                0x0000000000000070       0x10 build/PIC32MX230F064B/production/usb/usb_struct_config_list.o
 .gnu.attributes
                0x0000000000000080       0x10 build/PIC32MX230F064B/production/usb/usb_struct_interface.o
 .gnu.attributes
                0x0000000000000090       0x10 build/PIC32MX230F064B/production/usb/usb_host_trans.o
 .gnu.attributes
                0x00000000000000a0       0x10 build/PIC32MX230F064B/production/usb/usb_common.o
 .gnu.attributes
                0x00000000000000b0       0x10 build/PIC32MX230F064B/production/system.o
 .gnu.attributes
                0x00000000000000c0       0x10 build/PIC32MX230F064B/production/exceptions.o
 .gnu.attributes
                0x00000000000000d0       0x10 build/PIC32MX230F064B/production/app_host_hid_keyboard.o
 .gnu.attributes
                0x00000000000000e0       0x10 build/PIC32MX230F064B/production/main.o
 .gnu.attributes
                0x00000000000000f0       0x10 build/PIC32MX230F064B/production/timer_1ms.o
 .gnu.attributes
                0x0000000000000100       0x10 build/PIC32MX230F064B/production/uart.o
 .gnu.attributes
                0x0000000000000110       0x10 build/PIC32MX230F064B/production/timer_2.o
 .gnu.attributes
                0x0000000000000120       0x10 build/PIC32MX230F064B/production/interrupt.o
 .gnu.attributes
                0x0000000000000130       0x10 D:\Users\shinichi.sasajima\Temp\ccIy4Z3W.o
 .gnu.attributes
                0x0000000000000140       0x10 D:\Users\shinichi.sasajima\Temp\cc6vM7v2.o
 .gnu.attributes
                0x0000000000000150       0x10 D:\Users\shinichi.sasajima\Temp\cc6IKGtp.o
 .gnu.attributes
                0x0000000000000160       0x10 d:/program files/microchip/xc32/v4.21/bin/bin/../../lib/gcc/pic32mx/8.3.1/../../../../pic32mx/lib\pic32_software_reset.o
 .gnu.attributes
                0x0000000000000170       0x10 d:/program files/microchip/xc32/v4.21/bin/bin/../../lib/gcc/pic32mx/8.3.1/../../../../pic32mx/lib\libpic32.a(memset.o)
 .gnu.attributes
                0x0000000000000180       0x10 d:/program files/microchip/xc32/v4.21/bin/bin/../../lib/gcc/pic32mx/8.3.1/../../../../pic32mx/lib\libpic32.a(default-bootstrap-exception-handler.o)
 .gnu.attributes
                0x0000000000000190       0x10 d:/program files/microchip/xc32/v4.21/bin/bin/../../lib/gcc/pic32mx/8.3.1/../../../../pic32mx/lib\libpic32.a(default-on-reset.o)
 .gnu.attributes
                0x00000000000001a0       0x10 d:/program files/microchip/xc32/v4.21/bin/bin/../../lib/gcc/pic32mx/8.3.1/../../../../pic32mx/lib\libpic32.a(default-on-bootstrap.o)
 .gnu.attributes
                0x00000000000001b0       0x10 d:/program files/microchip/xc32/v4.21/bin/bin/../../lib/gcc/pic32mx/8.3.1/../../../../pic32mx/lib\libpic32.a(default-nmi-handler.o)
 .gnu.attributes
                0x00000000000001c0       0x10 d:/program files/microchip/xc32/v4.21/bin/bin/../../lib/gcc/pic32mx/8.3.1/../../../../pic32mx/lib\libpic32.a(pic32_data_init_wrapper.o)
 .gnu.attributes
                0x00000000000001d0       0x10 d:/program files/microchip/xc32/v4.21/bin/bin/../../lib/gcc/pic32mx/8.3.1/../../../../pic32mx/lib\libpic32.a(pic32_data_init_0_1.o)
 .gnu.attributes
                0x00000000000001e0       0x10 d:/program files/microchip/xc32/v4.21/bin/bin/../../lib/gcc/pic32mx/8.3.1/../../../../pic32mx/lib\libpic32.a(general-exception.o)
 .gnu.attributes
                0x00000000000001f0       0x10 d:/program files/microchip/xc32/v4.21/bin/bin/../../lib/gcc/pic32mx/8.3.1/../../../../pic32mx/lib\libpic32.a(vector0.o)
 .gnu.attributes
                0x0000000000000200       0x10 d:/program files/microchip/xc32/v4.21/bin/bin/../../lib/gcc/pic32mx/8.3.1/../../../../pic32mx/lib\libpic32.a(vector1.o)
 .gnu.attributes
                0x0000000000000210       0x10 d:/program files/microchip/xc32/v4.21/bin/bin/../../lib/gcc/pic32mx/8.3.1/../../../../pic32mx/lib\libpic32.a(vector2.o)
 .gnu.attributes
                0x0000000000000220       0x10 d:/program files/microchip/xc32/v4.21/bin/bin/../../lib/gcc/pic32mx/8.3.1/../../../../pic32mx/lib\libpic32.a(vector3.o)
 .gnu.attributes
                0x0000000000000230       0x10 d:/program files/microchip/xc32/v4.21/bin/bin/../../lib/gcc/pic32mx/8.3.1/../../../../pic32mx/lib\libpic32.a(vector5.o)
 .gnu.attributes
                0x0000000000000240       0x10 d:/program files/microchip/xc32/v4.21/bin/bin/../../lib/gcc/pic32mx/8.3.1/../../../../pic32mx/lib\libpic32.a(vector6.o)
 .gnu.attributes
                0x0000000000000250       0x10 d:/program files/microchip/xc32/v4.21/bin/bin/../../lib/gcc/pic32mx/8.3.1/../../../../pic32mx/lib\libpic32.a(vector7.o)
 .gnu.attributes
                0x0000000000000260       0x10 d:/program files/microchip/xc32/v4.21/bin/bin/../../lib/gcc/pic32mx/8.3.1/../../../../pic32mx/lib\libpic32.a(vector8.o)
 .gnu.attributes
                0x0000000000000270       0x10 d:/program files/microchip/xc32/v4.21/bin/bin/../../lib/gcc/pic32mx/8.3.1/../../../../pic32mx/lib\libpic32.a(vector9.o)
 .gnu.attributes
                0x0000000000000280       0x10 d:/program files/microchip/xc32/v4.21/bin/bin/../../lib/gcc/pic32mx/8.3.1/../../../../pic32mx/lib\libpic32.a(vector10.o)
 .gnu.attributes
                0x0000000000000290       0x10 d:/program files/microchip/xc32/v4.21/bin/bin/../../lib/gcc/pic32mx/8.3.1/../../../../pic32mx/lib\libpic32.a(vector11.o)
 .gnu.attributes
                0x00000000000002a0       0x10 d:/program files/microchip/xc32/v4.21/bin/bin/../../lib/gcc/pic32mx/8.3.1/../../../../pic32mx/lib\libpic32.a(vector12.o)
 .gnu.attributes
                0x00000000000002b0       0x10 d:/program files/microchip/xc32/v4.21/bin/bin/../../lib/gcc/pic32mx/8.3.1/../../../../pic32mx/lib\libpic32.a(vector13.o)
 .gnu.attributes
                0x00000000000002c0       0x10 d:/program files/microchip/xc32/v4.21/bin/bin/../../lib/gcc/pic32mx/8.3.1/../../../../pic32mx/lib\libpic32.a(vector14.o)
 .gnu.attributes
                0x00000000000002d0       0x10 d:/program files/microchip/xc32/v4.21/bin/bin/../../lib/gcc/pic32mx/8.3.1/../../../../pic32mx/lib\libpic32.a(vector16.o)
 .gnu.attributes
                0x00000000000002e0       0x10 d:/program files/microchip/xc32/v4.21/bin/bin/../../lib/gcc/pic32mx/8.3.1/../../../../pic32mx/lib\libpic32.a(vector17.o)
 .gnu.attributes
                0x00000000000002f0       0x10 d:/program files/microchip/xc32/v4.21/bin/bin/../../lib/gcc/pic32mx/8.3.1/../../../../pic32mx/lib\libpic32.a(vector18.o)
 .gnu.attributes
                0x0000000000000300       0x10 d:/program files/microchip/xc32/v4.21/bin/bin/../../lib/gcc/pic32mx/8.3.1/../../../../pic32mx/lib\libpic32.a(vector20.o)
 .gnu.attributes
                0x0000000000000310       0x10 d:/program files/microchip/xc32/v4.21/bin/bin/../../lib/gcc/pic32mx/8.3.1/../../../../pic32mx/lib\libpic32.a(vector21.o)
 .gnu.attributes
                0x0000000000000320       0x10 d:/program files/microchip/xc32/v4.21/bin/bin/../../lib/gcc/pic32mx/8.3.1/../../../../pic32mx/lib\libpic32.a(vector22.o)
 .gnu.attributes
                0x0000000000000330       0x10 d:/program files/microchip/xc32/v4.21/bin/bin/../../lib/gcc/pic32mx/8.3.1/../../../../pic32mx/lib\libpic32.a(vector23.o)
 .gnu.attributes
                0x0000000000000340       0x10 d:/program files/microchip/xc32/v4.21/bin/bin/../../lib/gcc/pic32mx/8.3.1/../../../../pic32mx/lib\libpic32.a(vector24.o)
 .gnu.attributes
                0x0000000000000350       0x10 d:/program files/microchip/xc32/v4.21/bin/bin/../../lib/gcc/pic32mx/8.3.1/../../../../pic32mx/lib\libpic32.a(vector25.o)
 .gnu.attributes
                0x0000000000000360       0x10 d:/program files/microchip/xc32/v4.21/bin/bin/../../lib/gcc/pic32mx/8.3.1/../../../../pic32mx/lib\libpic32.a(vector26.o)
 .gnu.attributes
                0x0000000000000370       0x10 d:/program files/microchip/xc32/v4.21/bin/bin/../../lib/gcc/pic32mx/8.3.1/../../../../pic32mx/lib\libpic32.a(vector27.o)
 .gnu.attributes
                0x0000000000000380       0x10 d:/program files/microchip/xc32/v4.21/bin/bin/../../lib/gcc/pic32mx/8.3.1/../../../../pic32mx/lib\libpic32.a(vector28.o)
 .gnu.attributes
                0x0000000000000390       0x10 d:/program files/microchip/xc32/v4.21/bin/bin/../../lib/gcc/pic32mx/8.3.1/../../../../pic32mx/lib\libpic32.a(vector29.o)
 .gnu.attributes
                0x00000000000003a0       0x10 d:/program files/microchip/xc32/v4.21/bin/bin/../../lib/gcc/pic32mx/8.3.1/../../../../pic32mx/lib\libpic32.a(vector31.o)
 .gnu.attributes
                0x00000000000003b0       0x10 d:/program files/microchip/xc32/v4.21/bin/bin/../../lib/gcc/pic32mx/8.3.1/../../../../pic32mx/lib\libpic32.a(vector32.o)
 .gnu.attributes
                0x00000000000003c0       0x10 d:/program files/microchip/xc32/v4.21/bin/bin/../../lib/gcc/pic32mx/8.3.1/../../../../pic32mx/lib\libpic32.a(vector33.o)
 .gnu.attributes
                0x00000000000003d0       0x10 d:/program files/microchip/xc32/v4.21/bin/bin/../../lib/gcc/pic32mx/8.3.1/../../../../pic32mx/lib\libpic32.a(vector34.o)
 .gnu.attributes
                0x00000000000003e0       0x10 d:/program files/microchip/xc32/v4.21/bin/bin/../../lib/gcc/pic32mx/8.3.1/../../../../pic32mx/lib\libpic32.a(vector35.o)
 .gnu.attributes
                0x00000000000003f0       0x10 d:/program files/microchip/xc32/v4.21/bin/bin/../../lib/gcc/pic32mx/8.3.1/../../../../pic32mx/lib\libpic32.a(vector36.o)
 .gnu.attributes
                0x0000000000000400       0x10 d:/program files/microchip/xc32/v4.21/bin/bin/../../lib/gcc/pic32mx/8.3.1/../../../../pic32mx/lib\libpic32.a(vector37.o)
 .gnu.attributes
                0x0000000000000410       0x10 d:/program files/microchip/xc32/v4.21/bin/bin/../../lib/gcc/pic32mx/8.3.1/../../../../pic32mx/lib\libpic32.a(vector38.o)
 .gnu.attributes
                0x0000000000000420       0x10 d:/program files/microchip/xc32/v4.21/bin/bin/../../lib/gcc/pic32mx/8.3.1/../../../../pic32mx/lib\libpic32.a(vector39.o)
 .gnu.attributes
                0x0000000000000430       0x10 d:/program files/microchip/xc32/v4.21/bin/bin/../../lib/gcc/pic32mx/8.3.1/../../../../pic32mx/lib\libpic32.a(vector40.o)
 .gnu.attributes
                0x0000000000000440       0x10 d:/program files/microchip/xc32/v4.21/bin/bin/../../lib/gcc/pic32mx/8.3.1/../../../../pic32mx/lib\libpic32.a(vector41.o)
 .gnu.attributes
                0x0000000000000450       0x10 d:/program files/microchip/xc32/v4.21/bin/bin/../../lib/gcc/pic32mx/8.3.1/../../../../pic32mx/lib\libpic32.a(vector42.o)
 .gnu.attributes
                0x0000000000000460       0x10 d:/program files/microchip/xc32/v4.21/bin/bin/../../lib/gcc/pic32mx/8.3.1/../../../../pic32mx/lib\libpic32.a(vector43.o)
 .gnu.attributes
                0x0000000000000470       0x10 d:/program files/microchip/xc32/v4.21/bin/bin/../../lib/gcc/pic32mx/8.3.1/../../../../pic32mx/lib\libpic32.a(defaultinterrupt.o)
 .gnu.attributes
                0x0000000000000480       0x10 d:/program files/microchip/xc32/v4.21/bin/bin/../../lib/gcc/pic32mx/8.3.1/../../../../pic32mx/lib\libc-musl.a(malloc.o)
 .gnu.attributes
                0x0000000000000490       0x10 d:/program files/microchip/xc32/v4.21/bin/bin/../../lib/gcc/pic32mx/8.3.1/../../../../pic32mx/lib\libc-musl.a(expand_heap.o)
 .gnu.attributes
                0x00000000000004a0       0x10 d:/program files/microchip/xc32/v4.21/bin/bin/../../lib/gcc/pic32mx/8.3.1/../../../../pic32mx/lib\libc-musl.a(memcpy.o)
 .gnu.attributes
                0x00000000000004b0       0x10 d:/program files/microchip/xc32/v4.21/bin/bin/../../lib/gcc/pic32mx/8.3.1/../../../../pic32mx/lib\libc-musl.a(libc.o)
 .gnu.attributes
                0x00000000000004c0       0x10 d:/program files/microchip/xc32/v4.21/bin/bin/../../lib/gcc/pic32mx/8.3.1\libgcc.a(_lshrdi3.o)
 .gnu.attributes
                0x00000000000004d0       0x10 d:/program files/microchip/xc32/v4.21/bin/bin/../../lib/gcc/pic32mx/8.3.1\libgcc.a(_ashldi3.o)
 .gnu.attributes
                0x00000000000004e0       0x10 d:/program files/microchip/xc32/v4.21/bin/bin/../../lib/gcc/pic32mx/8.3.1/../../../../pic32mx/lib\libpic32.a(sbrk.o)
 .gnu.attributes
                0x00000000000004f0       0x10 d:/program files/microchip/xc32/v4.21/bin/bin/../../lib/gcc/pic32mx/8.3.1/../../../../pic32mx/lib\libpic32.a(errno.o)
OUTPUT(dist/PIC32MX230F064B/production/USBKeyboard4S1.X.production.elf elf32-tradlittlemips)
LOAD stack
LOAD data_init

.reginfo        0x0000000000000000       0x18
 .reginfo       0x0000000000000000       0x18 d:/program files/microchip/xc32/v4.21/bin/bin/../../lib/gcc/pic32mx/8.3.1/../../../../pic32mx/lib\debug-exception-return.o

.stack          0x00000000a00011e0      0x400
 .stack         0x00000000a00011e0      0x400 stack

.data           0x00000000a0000058       0x38
 .data          0x00000000a0000058       0x38 build/PIC32MX230F064B/production/usb/usb_config.o
                0x00000000a0000058                usbTPL
                0x00000000a0000070                usbClientDrvTable

.bss            0x00000000a0000090      0x260
 .bss           0x00000000a0000090      0x210 d:/program files/microchip/xc32/v4.21/bin/bin/../../lib/gcc/pic32mx/8.3.1/../../../../pic32mx/lib\libc-musl.a(malloc.o)
 .bss           0x00000000a00002a0       0x50 d:/program files/microchip/xc32/v4.21/bin/bin/../../lib/gcc/pic32mx/8.3.1/../../../../pic32mx/lib\libc-musl.a(libc.o)
                0x00000000a00002a0                __progname_full
                0x00000000a00002a0                program_invocation_name
                0x00000000a00002a4                program_invocation_short_name
                0x00000000a00002a4                __progname
                0x00000000a00002a8                __sysinfo
                0x00000000a00002ac                __hwcap
                0x00000000a00002b0                __libc

.bss            0x00000000a00002f0       0x78
 .bss           0x00000000a00002f0       0x48 build/PIC32MX230F064B/production/app_host_hid_keyboard.o
 .bss           0x00000000a0000338       0x30 build/PIC32MX230F064B/production/timer_1ms.o

.bss            0x00000000a0000368       0x24
 .bss           0x00000000a0000368       0x24 d:/program files/microchip/xc32/v4.21/bin/bin/../../lib/gcc/pic32mx/8.3.1/../../../../pic32mx/lib\libpic32.a(sbrk.o)
                0x00000000a0000384                _maxbrk
                0x00000000a0000388                _minbrk

.bss            0x00000000a0000400       0xd8
 .bss           0x00000000a0000400       0x20 build/PIC32MX230F064B/production/usb/usb_host_trans.o
 .bss           0x00000000a0000420       0xb8 build/PIC32MX230F064B/production/usb/usb_struct_queue.o

.bss            0x00000000a00004d8       0xfc
 .bss           0x00000000a00004d8       0x84 build/PIC32MX230F064B/production/usb/usb_host.o
 .bss           0x00000000a000055c       0x78 build/PIC32MX230F064B/production/usb/usb_host_hid_parser.o
                0x00000000a000055c                itemListPtrs
                0x00000000a000057c                deviceRptInfo

.bss            0x00000000a0000390       0x44
 .bss           0x00000000a0000390       0x44 build/PIC32MX230F064B/production/usb/usb_host_hid.o

.bss            0x00000000a00005d8       0x34
 .bss           0x00000000a00005d8       0x34 build/PIC32MX230F064B/production/usb/usb_host_hub.o

.bss.errno      0x00000000a000038c        0x4
 .bss.errno     0x00000000a000038c        0x4 d:/program files/microchip/xc32/v4.21/bin/bin/../../lib/gcc/pic32mx/8.3.1/../../../../pic32mx/lib\libpic32.a(errno.o)
                0x00000000a000038c                errno

._debug_exception
                0x00000000bfc00480       0x2c
 ._debug_exception
                0x00000000bfc00480       0x2c d:/program files/microchip/xc32/v4.21/bin/bin/../../lib/gcc/pic32mx/8.3.1/../../../../pic32mx/lib\debug-exception-return.o
                0x00000000bfc00480                __DbgExecReturn

.text           0x000000009d000000     0x3890
 .text          0x000000009d000000     0x2604 build/PIC32MX230F064B/production/usb/usb_host.o
                0x000000009d000034                USBHostDeviceInfos_Initialize
                0x000000009d000070                USBHostDeviceInfos_Clear
                0x000000009d00012c                USBHostDeviceInfos_ClearAll
                0x000000009d0001a4                USBHostDeviceInfos_FindAddress
                0x000000009d0001e4                USBHost_GetDeviceInfo
                0x000000009d000238                USBHost_DecreaseInterval
                0x000000009d000274                USBHost_StartTimer
                0x000000009d00029c                USBHost_SetError
                0x000000009d0002b4                USBHostClearEndpointErrors
                0x000000009d0002e8                USBHostDeviceSpecificClientDriver
                0x000000009d00030c                USBHostDeviceStatus
                0x000000009d0003a0                USBHostReadWrite
                0x000000009d000448                _USB_CheckCommandAndEnumerationAttempts
                0x000000009d0009e8                _USB_FindClassDriver
                0x000000009d000b70                _USB_FindDeviceLevelClientDriver
                0x000000009d000db0                _USB_FindEndpoint
                0x000000009d000ddc                USBHostTerminateTransfer
                0x000000009d000e34                _USB_FreeMemory
                0x000000009d000e90                USBHostInit
                0x000000009d000f3c                USBHost
                0x000000009d000f84                _USB_NotifyClients
                0x000000009d0010a0                USBHostDeviceInfos_DetachAll
                0x000000009d0010f8                USBHostShutdown
                0x000000009d001124                _USB_ParseConfigurationDescriptor
                0x000000009d00145c                _USB_ResetDATA0
                0x000000009d0014a0                USBHostIssueDeviceRequest
                0x000000009d00160c                USBHostIssueDeviceRequestEx
                0x000000009d00164c                _USB_TransferInProgress
                0x000000009d0016fc                USBHost_AttachDeviceOnHUB
                0x000000009d001768                USBHost_DetachDeviceOnHUB
                0x000000009d0017ec                USBHostTasks
                0x000000009d00241c                USB_HostInterruptHandler
 .text          0x000000009d002604     0x128c build/PIC32MX230F064B/production/usb/usb_host_hid.o
                0x000000009d002778                USBHostHIDDeviceStatus
                0x000000009d00283c                USBHostHIDDeviceDetect
                0x000000009d0028ac                USBHostHIDReadWrite
                0x000000009d002a14                USBHostHIDReadWriteIsComplete
                0x000000009d002a7c                USBHostHIDResetDevice
                0x000000009d002aec                USBHostHIDTasks
                0x000000009d002af4                USBHostHID_ApiFindBit
                0x000000009d002ca8                USBHostHID_ApiFindValue
                0x000000009d002e94                USBHostHID_ApiImportData
                0x000000009d00300c                USBHostHID_ApiGetCurrentInterfaceNum
                0x000000009d003018                USBHostHIDEventHandler